Archive member included to satisfy reference by file (symbol)

C:\Users\mzkts\e2_studio\workspace\newt\synergy\ssp\src\driver\r_fmi\libs\libfmi_cm4_s7g2_gcc.a(r_fmi.o)
                              ./synergy/ssp/src/driver/r_sci_uart/r_sci_uart.o (g_fmi_on_fmi)
C:\Users\mzkts\e2_studio\workspace\newt\synergy\ssp\src\bsp\mcu\s7g2\libfmi_R7FS7G27H3A01CFC_gcc.a(bsp_fmi_R7FS7G27H3A01CFC.o)
                              C:\Users\mzkts\e2_studio\workspace\newt\synergy\ssp\src\driver\r_fmi\libs\libfmi_cm4_s7g2_gcc.a(r_fmi.o) (g_fmi_data)
c:/renesas/synergy/e2studio_v2024-01.1_ssp_v2.6.1/toolchains/gcc_arm/gcc-arm-none-eabi-10.3-2021.10/bin/../lib/gcc/arm-none-eabi/10.3.1/thumb/v7e-m+fp/hard\libgcc.a(_aeabi_ldivmod.o)
                              ./synergy/ssp/src/driver/r_sci_uart/r_sci_uart.o (__aeabi_ldivmod)
c:/renesas/synergy/e2studio_v2024-01.1_ssp_v2.6.1/toolchains/gcc_arm/gcc-arm-none-eabi-10.3-2021.10/bin/../lib/gcc/arm-none-eabi/10.3.1/thumb/v7e-m+fp/hard\libgcc.a(_udivmoddi4.o)
                              c:/renesas/synergy/e2studio_v2024-01.1_ssp_v2.6.1/toolchains/gcc_arm/gcc-arm-none-eabi-10.3-2021.10/bin/../lib/gcc/arm-none-eabi/10.3.1/thumb/v7e-m+fp/hard\libgcc.a(_aeabi_ldivmod.o) (__udivmoddi4)
c:/renesas/synergy/e2studio_v2024-01.1_ssp_v2.6.1/toolchains/gcc_arm/gcc-arm-none-eabi-10.3-2021.10/bin/../lib/gcc/arm-none-eabi/10.3.1/thumb/v7e-m+fp/hard\libgcc.a(_dvmd_tls.o)
                              c:/renesas/synergy/e2studio_v2024-01.1_ssp_v2.6.1/toolchains/gcc_arm/gcc-arm-none-eabi-10.3-2021.10/bin/../lib/gcc/arm-none-eabi/10.3.1/thumb/v7e-m+fp/hard\libgcc.a(_aeabi_ldivmod.o) (__aeabi_ldiv0)
c:/renesas/synergy/e2studio_v2024-01.1_ssp_v2.6.1/toolchains/gcc_arm/gcc-arm-none-eabi-10.3-2021.10/bin/../lib/gcc/arm-none-eabi/10.3.1/../../../../arm-none-eabi/lib/thumb/v7e-m+fp/hard\libg_nano.a(lib_a-errno.o)
                              ./synergy/ssp/src/bsp/mcu/all/bsp_sbrk.o (__errno)
c:/renesas/synergy/e2studio_v2024-01.1_ssp_v2.6.1/toolchains/gcc_arm/gcc-arm-none-eabi-10.3-2021.10/bin/../lib/gcc/arm-none-eabi/10.3.1/../../../../arm-none-eabi/lib/thumb/v7e-m+fp/hard\libg_nano.a(lib_a-exit.o)
                              c:/renesas/synergy/e2studio_v2024-01.1_ssp_v2.6.1/toolchains/gcc_arm/gcc-arm-none-eabi-10.3-2021.10/bin/../lib/gcc/arm-none-eabi/10.3.1/../../../../arm-none-eabi/lib/thumb/v7e-m+fp/hard/rdimon-crt0.o (exit)
c:/renesas/synergy/e2studio_v2024-01.1_ssp_v2.6.1/toolchains/gcc_arm/gcc-arm-none-eabi-10.3-2021.10/bin/../lib/gcc/arm-none-eabi/10.3.1/../../../../arm-none-eabi/lib/thumb/v7e-m+fp/hard\libg_nano.a(lib_a-impure.o)
                              c:/renesas/synergy/e2studio_v2024-01.1_ssp_v2.6.1/toolchains/gcc_arm/gcc-arm-none-eabi-10.3-2021.10/bin/../lib/gcc/arm-none-eabi/10.3.1/../../../../arm-none-eabi/lib/thumb/v7e-m+fp/hard\libg_nano.a(lib_a-exit.o) (_global_impure_ptr)
c:/renesas/synergy/e2studio_v2024-01.1_ssp_v2.6.1/toolchains/gcc_arm/gcc-arm-none-eabi-10.3-2021.10/bin/../lib/gcc/arm-none-eabi/10.3.1/../../../../arm-none-eabi/lib/thumb/v7e-m+fp/hard\libg_nano.a(lib_a-init.o)
                              c:/renesas/synergy/e2studio_v2024-01.1_ssp_v2.6.1/toolchains/gcc_arm/gcc-arm-none-eabi-10.3-2021.10/bin/../lib/gcc/arm-none-eabi/10.3.1/../../../../arm-none-eabi/lib/thumb/v7e-m+fp/hard/rdimon-crt0.o (__libc_init_array)
c:/renesas/synergy/e2studio_v2024-01.1_ssp_v2.6.1/toolchains/gcc_arm/gcc-arm-none-eabi-10.3-2021.10/bin/../lib/gcc/arm-none-eabi/10.3.1/../../../../arm-none-eabi/lib/thumb/v7e-m+fp/hard\libg_nano.a(lib_a-memcpy-stub.o)
                              ./synergy/ssp/src/bsp/cmsis/Device/RENESAS/S7G2/Source/system_S7G2.o (memcpy)
c:/renesas/synergy/e2studio_v2024-01.1_ssp_v2.6.1/toolchains/gcc_arm/gcc-arm-none-eabi-10.3-2021.10/bin/../lib/gcc/arm-none-eabi/10.3.1/../../../../arm-none-eabi/lib/thumb/v7e-m+fp/hard\libg_nano.a(lib_a-memset.o)
                              c:/renesas/synergy/e2studio_v2024-01.1_ssp_v2.6.1/toolchains/gcc_arm/gcc-arm-none-eabi-10.3-2021.10/bin/../lib/gcc/arm-none-eabi/10.3.1/../../../../arm-none-eabi/lib/thumb/v7e-m+fp/hard/rdimon-crt0.o (memset)
c:/renesas/synergy/e2studio_v2024-01.1_ssp_v2.6.1/toolchains/gcc_arm/gcc-arm-none-eabi-10.3-2021.10/bin/../lib/gcc/arm-none-eabi/10.3.1/../../../../arm-none-eabi/lib/thumb/v7e-m+fp/hard\libg_nano.a(lib_a-rand.o)
                              ./synergy/ssp/src/bsp/cmsis/Device/RENESAS/S7G2/Source/system_S7G2.o (srand)
c:/renesas/synergy/e2studio_v2024-01.1_ssp_v2.6.1/toolchains/gcc_arm/gcc-arm-none-eabi-10.3-2021.10/bin/../lib/gcc/arm-none-eabi/10.3.1/../../../../arm-none-eabi/lib/thumb/v7e-m+fp/hard\libg_nano.a(lib_a-assert.o)
                              c:/renesas/synergy/e2studio_v2024-01.1_ssp_v2.6.1/toolchains/gcc_arm/gcc-arm-none-eabi-10.3-2021.10/bin/../lib/gcc/arm-none-eabi/10.3.1/../../../../arm-none-eabi/lib/thumb/v7e-m+fp/hard\libg_nano.a(lib_a-rand.o) (__assert_func)
[...]
Memory Configuration

Name             Origin             Length             Attributes
FLASH            0x00000000         0x00400000         xr
RAM              0x1ffe0000         0x000a0000         xrw
DATA_FLASH       0x40100000         0x00010000         xr
QSPI_FLASH       0x60000000         0x04000000         xr
SDRAM            0x90000000         0x02000000         xrw
ID_CODES         0x40120050         0x00000010         xr
*default*        0x00000000         0xffffffff

Linker script and memory map

LOAD c:/renesas/synergy/e2studio_v2024-01.1_ssp_v2.6.1/toolchains/gcc_arm/gcc-arm-none-eabi-10.3-2021.10/bin/../lib/gcc/arm-none-eabi/10.3.1/thumb/v7e-m+fp/hard/crti.o
LOAD c:/renesas/synergy/e2studio_v2024-01.1_ssp_v2.6.1/toolchains/gcc_arm/gcc-arm-none-eabi-10.3-2021.10/bin/../lib/gcc/arm-none-eabi/10.3.1/thumb/v7e-m+fp/hard/crtbegin.o
LOAD c:/renesas/synergy/e2studio_v2024-01.1_ssp_v2.6.1/toolchains/gcc_arm/gcc-arm-none-eabi-10.3-2021.10/bin/../lib/gcc/arm-none-eabi/10.3.1/../../../../arm-none-eabi/lib/thumb/v7e-m+fp/hard/rdimon-crt0.o
START GROUP
LOAD ./synergy/ssp/src/driver/r_sci_uart/r_sci_uart.o
LOAD ./synergy/ssp/src/driver/r_ioport/r_ioport.o
LOAD ./synergy/ssp/src/driver/r_elc/r_elc.o
LOAD ./synergy/ssp/src/driver/r_cgc/r_cgc.o
LOAD ./synergy/ssp/src/bsp/mcu/s7g2/bsp_cache.o
LOAD ./synergy/ssp/src/bsp/mcu/s7g2/bsp_clocks.o
LOAD ./synergy/ssp/src/bsp/mcu/s7g2/bsp_feature.o
LOAD ./synergy/ssp/src/bsp/mcu/s7g2/bsp_group_irq.o
LOAD ./synergy/ssp/src/bsp/mcu/s7g2/bsp_hw_locks.o
LOAD ./synergy/ssp/src/bsp/mcu/s7g2/bsp_module_stop.o
LOAD ./synergy/ssp/src/bsp/mcu/s7g2/bsp_rom_registers.o
LOAD ./synergy/ssp/src/bsp/mcu/all/bsp_common.o
LOAD ./synergy/ssp/src/bsp/mcu/all/bsp_common_leds.o
LOAD ./synergy/ssp/src/bsp/mcu/all/bsp_delay.o
LOAD ./synergy/ssp/src/bsp/mcu/all/bsp_irq.o
LOAD ./synergy/ssp/src/bsp/mcu/all/bsp_locking.o
LOAD ./synergy/ssp/src/bsp/mcu/all/bsp_register_protection.o
LOAD ./synergy/ssp/src/bsp/mcu/all/bsp_sbrk.o
LOAD ./synergy/ssp/src/bsp/cmsis/Device/RENESAS/S7G2/Source/startup_S7G2.o
LOAD ./synergy/ssp/src/bsp/cmsis/Device/RENESAS/S7G2/Source/system_S7G2.o
LOAD ./synergy/board/s7g2_sk/bsp_init.o
LOAD ./synergy/board/s7g2_sk/bsp_leds.o
LOAD ./synergy/board/s7g2_sk/bsp_qspi.o
LOAD ./src/synergy_gen/common_data.o
LOAD ./src/synergy_gen/hal_data.o
LOAD ./src/synergy_gen/main.o
LOAD ./src/synergy_gen/pin_data.o
LOAD ./src/hal_entry.o
LOAD C:\Users\mzkts\e2_studio\workspace\newt\synergy\ssp\src\bsp\cmsis\DSP_Lib\cm4_gcc\libDSP_Lib.a
LOAD C:\Users\mzkts\e2_studio\workspace\newt\synergy\ssp\src\bsp\cmsis\NN_Lib\cm4_gcc\libNN_Lib.a
LOAD C:\Users\mzkts\e2_studio\workspace\newt\synergy\ssp\src\driver\r_fmi\libs\libfmi_cm4_s7g2_gcc.a
LOAD C:\Users\mzkts\e2_studio\workspace\newt\synergy\ssp\src\bsp\mcu\s7g2\libfmi_R7FS7G27H3A01CFC_gcc.a
END GROUP
START GROUP
LOAD c:/renesas/synergy/e2studio_v2024-01.1_ssp_v2.6.1/toolchains/gcc_arm/gcc-arm-none-eabi-10.3-2021.10/bin/../lib/gcc/arm-none-eabi/10.3.1/thumb/v7e-m+fp/hard\libgcc.a
LOAD c:/renesas/synergy/e2studio_v2024-01.1_ssp_v2.6.1/toolchains/gcc_arm/gcc-arm-none-eabi-10.3-2021.10/bin/../lib/gcc/arm-none-eabi/10.3.1/../../../../arm-none-eabi/lib/thumb/v7e-m+fp/hard\libg_nano.a
LOAD c:/renesas/synergy/e2studio_v2024-01.1_ssp_v2.6.1/toolchains/gcc_arm/gcc-arm-none-eabi-10.3-2021.10/bin/../lib/gcc/arm-none-eabi/10.3.1/../../../../arm-none-eabi/lib/thumb/v7e-m+fp/hard\libc_nano.a
END GROUP
START GROUP
LOAD c:/renesas/synergy/e2studio_v2024-01.1_ssp_v2.6.1/toolchains/gcc_arm/gcc-arm-none-eabi-10.3-2021.10/bin/../lib/gcc/arm-none-eabi/10.3.1/thumb/v7e-m+fp/hard\libgcc.a
LOAD c:/renesas/synergy/e2studio_v2024-01.1_ssp_v2.6.1/toolchains/gcc_arm/gcc-arm-none-eabi-10.3-2021.10/bin/../lib/gcc/arm-none-eabi/10.3.1/../../../../arm-none-eabi/lib/thumb/v7e-m+fp/hard\libc_nano.a
LOAD c:/renesas/synergy/e2studio_v2024-01.1_ssp_v2.6.1/toolchains/gcc_arm/gcc-arm-none-eabi-10.3-2021.10/bin/../lib/gcc/arm-none-eabi/10.3.1/../../../../arm-none-eabi/lib/thumb/v7e-m+fp/hard\librdimon_nano.a
END GROUP
START GROUP
LOAD c:/renesas/synergy/e2studio_v2024-01.1_ssp_v2.6.1/toolchains/gcc_arm/gcc-arm-none-eabi-10.3-2021.10/bin/../lib/gcc/arm-none-eabi/10.3.1/thumb/v7e-m+fp/hard\libgcc.a
LOAD c:/renesas/synergy/e2studio_v2024-01.1_ssp_v2.6.1/toolchains/gcc_arm/gcc-arm-none-eabi-10.3-2021.10/bin/../lib/gcc/arm-none-eabi/10.3.1/../../../../arm-none-eabi/lib/thumb/v7e-m+fp/hard\libc_nano.a
LOAD c:/renesas/synergy/e2studio_v2024-01.1_ssp_v2.6.1/toolchains/gcc_arm/gcc-arm-none-eabi-10.3-2021.10/bin/../lib/gcc/arm-none-eabi/10.3.1/../../../../arm-none-eabi/lib/thumb/v7e-m+fp/hard\librdimon_nano.a
END GROUP
LOAD c:/renesas/synergy/e2studio_v2024-01.1_ssp_v2.6.1/toolchains/gcc_arm/gcc-arm-none-eabi-10.3-2021.10/bin/../lib/gcc/arm-none-eabi/10.3.1/thumb/v7e-m+fp/hard/crtend.o
LOAD c:/renesas/synergy/e2studio_v2024-01.1_ssp_v2.6.1/toolchains/gcc_arm/gcc-arm-none-eabi-10.3-2021.10/bin/../lib/gcc/arm-none-eabi/10.3.1/thumb/v7e-m+fp/hard/crtn.o
START GROUP
LOAD c:/renesas/synergy/e2studio_v2024-01.1_ssp_v2.6.1/toolchains/gcc_arm/gcc-arm-none-eabi-10.3-2021.10/bin/../lib/gcc/arm-none-eabi/10.3.1/thumb/v7e-m+fp/hard\libgcc.a
LOAD c:/renesas/synergy/e2studio_v2024-01.1_ssp_v2.6.1/toolchains/gcc_arm/gcc-arm-none-eabi-10.3-2021.10/bin/../lib/gcc/arm-none-eabi/10.3.1/../../../../arm-none-eabi/lib/thumb/v7e-m+fp/hard\libc.a
LOAD c:/renesas/synergy/e2studio_v2024-01.1_ssp_v2.6.1/toolchains/gcc_arm/gcc-arm-none-eabi-10.3-2021.10/bin/../lib/gcc/arm-none-eabi/10.3.1/../../../../arm-none-eabi/lib/thumb/v7e-m+fp/hard\libm.a
LOAD c:/renesas/synergy/e2studio_v2024-01.1_ssp_v2.6.1/toolchains/gcc_arm/gcc-arm-none-eabi-10.3-2021.10/bin/../lib/gcc/arm-none-eabi/10.3.1/../../../../arm-none-eabi/lib/thumb/v7e-m+fp/hard\libnosys.a
END GROUP

.text           0x00000000     0x557c
                0x00000000                __ROM_Start = .
 *(.vectors)
 .vectors       0x00000000       0x40 ./synergy/ssp/src/bsp/cmsis/Device/RENESAS/S7G2/Source/startup_S7G2.o
                0x00000000                __Vectors
 *(SORT_BY_NAME(.vector.*))
 .vector.SCI_0_RXI
                0x00000040        0x4 ./src/synergy_gen/hal_data.o
                0x00000040                g_vector_SCI_0_RXI
 .vector.SCI_0_TEI
                0x00000044        0x4 ./src/synergy_gen/hal_data.o
                0x00000044                g_vector_SCI_0_TEI
 .vector.SCI_0_TXI
                0x00000048        0x4 ./src/synergy_gen/hal_data.o
                0x00000048                g_vector_SCI_0_TXI
                0x0000004c                __Vectors_End = .
                0x1ffe0260                __end__ = .
                0x00000400                . = (__ROM_Start + 0x400)
 *fill*         0x0000004c      0x3b4 ff
 *(.rom_registers*)
 .rom_registers
                0x00000400       0x3c ./synergy/ssp/src/bsp/mcu/s7g2/bsp_rom_registers.o
                0x00000500                . = (__ROM_Start + 0x500)
 *fill*         0x0000043c       0xc4 ff
                0x00000500                __Vector_Info_Start = .
 *(SORT_BY_NAME(.vector_info.*))
 .vector_info.SCI_0_RXI
                0x00000500        0x8 ./src/synergy_gen/hal_data.o
                0x00000500                g_vector_info_SCI_0_RXI
 .vector_info.SCI_0_TEI
                0x00000508        0x8 ./src/synergy_gen/hal_data.o
                0x00000508                g_vector_info_SCI_0_TEI
 .vector_info.SCI_0_TXI
                0x00000510        0x8 ./src/synergy_gen/hal_data.o
                0x00000510                g_vector_info_SCI_0_TXI
                0x00000518                __Vector_Info_End = .
                0x00000518                __Lock_Lookup_Start = .
 *(SORT_BY_NAME(.hw_lock_lookup.*))
 .hw_lock_lookup.ADC_0U_0U
                0x00000518        0x4 ./synergy/ssp/src/bsp/mcu/s7g2/bsp_hw_locks.o
                0x00000518                g_lock_lookup_ADC_0U_0U
 .hw_lock_lookup.ADC_0U_1U
                0x0000051c        0x4 ./synergy/ssp/src/bsp/mcu/s7g2/bsp_hw_locks.o
                0x0000051c                g_lock_lookup_ADC_0U_1U
 .hw_lock_lookup.AGT_0U_0U
                0x00000520        0x4 ./synergy/ssp/src/bsp/mcu/s7g2/bsp_hw_locks.o
                0x00000520                g_lock_lookup_AGT_0U_0U
 .hw_lock_lookup.AGT_0U_1U
                0x00000524        0x4 ./synergy/ssp/src/bsp/mcu/s7g2/bsp_hw_locks.o
                0x00000524                g_lock_lookup_AGT_0U_1U
 .hw_lock_lookup.BSC_0U_1U
                0x00000528        0x4 ./synergy/ssp/src/bsp/mcu/s7g2/bsp_hw_locks.o
                0x00000528                g_lock_lookup_BSC_0U_1U
 .hw_lock_lookup.CAC_0U_0U
                0x0000052c        0x4 ./synergy/ssp/src/bsp/mcu/s7g2/bsp_hw_locks.o
                0x0000052c                g_lock_lookup_CAC_0U_0U
 .hw_lock_lookup.CAN_0U_0U
                0x00000530        0x4 ./synergy/ssp/src/bsp/mcu/s7g2/bsp_hw_locks.o
                0x00000530                g_lock_lookup_CAN_0U_0U
 .hw_lock_lookup.CAN_0U_1U
                0x00000534        0x4 ./synergy/ssp/src/bsp/mcu/s7g2/bsp_hw_locks.o
                0x00000534                g_lock_lookup_CAN_0U_1U
 .hw_lock_lookup.COMP_HS_0U_0U
                0x00000538        0x4 ./synergy/ssp/src/bsp/mcu/s7g2/bsp_hw_locks.o
                0x00000538                g_lock_lookup_COMP_HS_0U_0U
 .hw_lock_lookup.COMP_HS_0U_1U
                0x0000053c        0x4 ./synergy/ssp/src/bsp/mcu/s7g2/bsp_hw_locks.o
                0x0000053c                g_lock_lookup_COMP_HS_0U_1U
 .hw_lock_lookup.COMP_HS_0U_2U
                0x00000540        0x4 ./synergy/ssp/src/bsp/mcu/s7g2/bsp_hw_locks.o
                0x00000540                g_lock_lookup_COMP_HS_0U_2U
 .hw_lock_lookup.COMP_HS_0U_3U
                0x00000544        0x4 ./synergy/ssp/src/bsp/mcu/s7g2/bsp_hw_locks.o
                0x00000544                g_lock_lookup_COMP_HS_0U_3U
 .hw_lock_lookup.COMP_HS_0U_4U
                0x00000548        0x4 ./synergy/ssp/src/bsp/mcu/s7g2/bsp_hw_locks.o
                0x00000548                g_lock_lookup_COMP_HS_0U_4U
 .hw_lock_lookup.COMP_HS_0U_5U
                0x0000054c        0x4 ./synergy/ssp/src/bsp/mcu/s7g2/bsp_hw_locks.o
                0x0000054c                g_lock_lookup_COMP_HS_0U_5U
 .hw_lock_lookup.CRC_0U_0U
                0x00000550        0x4 ./synergy/ssp/src/bsp/mcu/s7g2/bsp_hw_locks.o
                0x00000550                g_lock_lookup_CRC_0U_0U
 .hw_lock_lookup.CTSU_0U_0U
                0x00000554        0x4 ./synergy/ssp/src/bsp/mcu/s7g2/bsp_hw_locks.o
                0x00000554                g_lock_lookup_CTSU_0U_0U
 .hw_lock_lookup.DAAD_0U_0U
                0x00000558        0x4 ./synergy/ssp/src/bsp/mcu/s7g2/bsp_hw_locks.o
                0x00000558                g_lock_lookup_DAAD_0U_0U
 .hw_lock_lookup.DAC_0U_0U
                0x0000055c        0x4 ./synergy/ssp/src/bsp/mcu/s7g2/bsp_hw_locks.o
                0x0000055c                g_lock_lookup_DAC_0U_0U
 .hw_lock_lookup.DAC_0U_1U
                0x00000560        0x4 ./synergy/ssp/src/bsp/mcu/s7g2/bsp_hw_locks.o
                0x00000560                g_lock_lookup_DAC_0U_1U
 .hw_lock_lookup.DMAC_0U_0U
                0x00000564        0x4 ./synergy/ssp/src/bsp/mcu/s7g2/bsp_hw_locks.o
                0x00000564                g_lock_lookup_DMAC_0U_0U
 .hw_lock_lookup.DMAC_0U_1U
                0x00000568        0x4 ./synergy/ssp/src/bsp/mcu/s7g2/bsp_hw_locks.o
                0x00000568                g_lock_lookup_DMAC_0U_1U
 .hw_lock_lookup.DMAC_0U_2U
                0x0000056c        0x4 ./synergy/ssp/src/bsp/mcu/s7g2/bsp_hw_locks.o
                0x0000056c                g_lock_lookup_DMAC_0U_2U
 .hw_lock_lookup.DMAC_0U_3U
                0x00000570        0x4 ./synergy/ssp/src/bsp/mcu/s7g2/bsp_hw_locks.o
                0x00000570                g_lock_lookup_DMAC_0U_3U
 .hw_lock_lookup.DMAC_0U_4U
                0x00000574        0x4 ./synergy/ssp/src/bsp/mcu/s7g2/bsp_hw_locks.o
                0x00000574                g_lock_lookup_DMAC_0U_4U
 .hw_lock_lookup.DMAC_0U_5U
                0x00000578        0x4 ./synergy/ssp/src/bsp/mcu/s7g2/bsp_hw_locks.o
                0x00000578                g_lock_lookup_DMAC_0U_5U
 .hw_lock_lookup.DMAC_0U_6U
                0x0000057c        0x4 ./synergy/ssp/src/bsp/mcu/s7g2/bsp_hw_locks.o
                0x0000057c                g_lock_lookup_DMAC_0U_6U
 .hw_lock_lookup.DMAC_0U_7U
                0x00000580        0x4 ./synergy/ssp/src/bsp/mcu/s7g2/bsp_hw_locks.o
                0x00000580                g_lock_lookup_DMAC_0U_7U
 .hw_lock_lookup.DOC_0U_0U
                0x00000584        0x4 ./synergy/ssp/src/bsp/mcu/s7g2/bsp_hw_locks.o
                0x00000584                g_lock_lookup_DOC_0U_0U
 .hw_lock_lookup.DRW_0U_0U
                0x00000588        0x4 ./synergy/ssp/src/bsp/mcu/s7g2/bsp_hw_locks.o
                0x00000588                g_lock_lookup_DRW_0U_0U
 .hw_lock_lookup.DTC_0U_0U
                0x0000058c        0x4 ./synergy/ssp/src/bsp/mcu/s7g2/bsp_hw_locks.o
                0x0000058c                g_lock_lookup_DTC_0U_0U
 .hw_lock_lookup.ELC_0U_0U
                0x00000590        0x4 ./synergy/ssp/src/bsp/mcu/s7g2/bsp_hw_locks.o
                0x00000590                g_lock_lookup_ELC_0U_0U
 .hw_lock_lookup.EPTPC_0U_0U
                0x00000594        0x4 ./synergy/ssp/src/bsp/mcu/s7g2/bsp_hw_locks.o
                0x00000594                g_lock_lookup_EPTPC_0U_0U
 .hw_lock_lookup.ETHER_0U_0U
                0x00000598        0x4 ./synergy/ssp/src/bsp/mcu/s7g2/bsp_hw_locks.o
                0x00000598                g_lock_lookup_ETHER_0U_0U
 .hw_lock_lookup.ETHER_0U_1U
                0x0000059c        0x4 ./synergy/ssp/src/bsp/mcu/s7g2/bsp_hw_locks.o
                0x0000059c                g_lock_lookup_ETHER_0U_1U
 .hw_lock_lookup.FCU_0U_0U
                0x000005a0        0x4 ./synergy/ssp/src/bsp/mcu/s7g2/bsp_hw_locks.o
                0x000005a0                g_lock_lookup_FCU_0U_0U
 .hw_lock_lookup.GLCDC_0U_0U
                0x000005a4        0x4 ./synergy/ssp/src/bsp/mcu/s7g2/bsp_hw_locks.o
                0x000005a4                g_lock_lookup_GLCDC_0U_0U
 .hw_lock_lookup.GPT_0U_0U
                0x000005a8        0x4 ./synergy/ssp/src/bsp/mcu/s7g2/bsp_hw_locks.o
                0x000005a8                g_lock_lookup_GPT_0U_0U
 .hw_lock_lookup.GPT_0U_10U
                0x000005ac        0x4 ./synergy/ssp/src/bsp/mcu/s7g2/bsp_hw_locks.o
                0x000005ac                g_lock_lookup_GPT_0U_10U
 .hw_lock_lookup.GPT_0U_11U
                0x000005b0        0x4 ./synergy/ssp/src/bsp/mcu/s7g2/bsp_hw_locks.o
                0x000005b0                g_lock_lookup_GPT_0U_11U
 .hw_lock_lookup.GPT_0U_12U
                0x000005b4        0x4 ./synergy/ssp/src/bsp/mcu/s7g2/bsp_hw_locks.o
                0x000005b4                g_lock_lookup_GPT_0U_12U
 .hw_lock_lookup.GPT_0U_13U
                0x000005b8        0x4 ./synergy/ssp/src/bsp/mcu/s7g2/bsp_hw_locks.o
                0x000005b8                g_lock_lookup_GPT_0U_13U
 .hw_lock_lookup.GPT_0U_1U
                0x000005bc        0x4 ./synergy/ssp/src/bsp/mcu/s7g2/bsp_hw_locks.o
                0x000005bc                g_lock_lookup_GPT_0U_1U
 .hw_lock_lookup.GPT_0U_2U
                0x000005c0        0x4 ./synergy/ssp/src/bsp/mcu/s7g2/bsp_hw_locks.o
                0x000005c0                g_lock_lookup_GPT_0U_2U
 .hw_lock_lookup.GPT_0U_3U
                0x000005c4        0x4 ./synergy/ssp/src/bsp/mcu/s7g2/bsp_hw_locks.o
                0x000005c4                g_lock_lookup_GPT_0U_3U
 .hw_lock_lookup.GPT_0U_4U
                0x000005c8        0x4 ./synergy/ssp/src/bsp/mcu/s7g2/bsp_hw_locks.o
                0x000005c8                g_lock_lookup_GPT_0U_4U
 .hw_lock_lookup.GPT_0U_5U
                0x000005cc        0x4 ./synergy/ssp/src/bsp/mcu/s7g2/bsp_hw_locks.o
                0x000005cc                g_lock_lookup_GPT_0U_5U
 .hw_lock_lookup.GPT_0U_6U
                0x000005d0        0x4 ./synergy/ssp/src/bsp/mcu/s7g2/bsp_hw_locks.o
                0x000005d0                g_lock_lookup_GPT_0U_6U
 .hw_lock_lookup.GPT_0U_7U
                0x000005d4        0x4 ./synergy/ssp/src/bsp/mcu/s7g2/bsp_hw_locks.o
                0x000005d4                g_lock_lookup_GPT_0U_7U
 .hw_lock_lookup.GPT_0U_8U
                0x000005d8        0x4 ./synergy/ssp/src/bsp/mcu/s7g2/bsp_hw_locks.o
                0x000005d8                g_lock_lookup_GPT_0U_8U
 .hw_lock_lookup.GPT_0U_9U
                0x000005dc        0x4 ./synergy/ssp/src/bsp/mcu/s7g2/bsp_hw_locks.o
                0x000005dc                g_lock_lookup_GPT_0U_9U
 .hw_lock_lookup.ICU_0U_0U
                0x000005e0        0x4 ./synergy/ssp/src/bsp/mcu/s7g2/bsp_hw_locks.o
                0x000005e0                g_lock_lookup_ICU_0U_0U
 .hw_lock_lookup.ICU_0U_10U
                0x000005e4        0x4 ./synergy/ssp/src/bsp/mcu/s7g2/bsp_hw_locks.o
                0x000005e4                g_lock_lookup_ICU_0U_10U
 .hw_lock_lookup.ICU_0U_11U
                0x000005e8        0x4 ./synergy/ssp/src/bsp/mcu/s7g2/bsp_hw_locks.o
                0x000005e8                g_lock_lookup_ICU_0U_11U
 .hw_lock_lookup.ICU_0U_12U
                0x000005ec        0x4 ./synergy/ssp/src/bsp/mcu/s7g2/bsp_hw_locks.o
                0x000005ec                g_lock_lookup_ICU_0U_12U
 .hw_lock_lookup.ICU_0U_13U
                0x000005f0        0x4 ./synergy/ssp/src/bsp/mcu/s7g2/bsp_hw_locks.o
                0x000005f0                g_lock_lookup_ICU_0U_13U
 .hw_lock_lookup.ICU_0U_14U
                0x000005f4        0x4 ./synergy/ssp/src/bsp/mcu/s7g2/bsp_hw_locks.o
                0x000005f4                g_lock_lookup_ICU_0U_14U
 .hw_lock_lookup.ICU_0U_15U
                0x000005f8        0x4 ./synergy/ssp/src/bsp/mcu/s7g2/bsp_hw_locks.o
                0x000005f8                g_lock_lookup_ICU_0U_15U
 .hw_lock_lookup.ICU_0U_1U
                0x000005fc        0x4 ./synergy/ssp/src/bsp/mcu/s7g2/bsp_hw_locks.o
                0x000005fc                g_lock_lookup_ICU_0U_1U
 .hw_lock_lookup.ICU_0U_2U
                0x00000600        0x4 ./synergy/ssp/src/bsp/mcu/s7g2/bsp_hw_locks.o
                0x00000600                g_lock_lookup_ICU_0U_2U
 .hw_lock_lookup.ICU_0U_3U
                0x00000604        0x4 ./synergy/ssp/src/bsp/mcu/s7g2/bsp_hw_locks.o
                0x00000604                g_lock_lookup_ICU_0U_3U
 .hw_lock_lookup.ICU_0U_4U
                0x00000608        0x4 ./synergy/ssp/src/bsp/mcu/s7g2/bsp_hw_locks.o
                0x00000608                g_lock_lookup_ICU_0U_4U
 .hw_lock_lookup.ICU_0U_5U
                0x0000060c        0x4 ./synergy/ssp/src/bsp/mcu/s7g2/bsp_hw_locks.o
                0x0000060c                g_lock_lookup_ICU_0U_5U
 .hw_lock_lookup.ICU_0U_6U
                0x00000610        0x4 ./synergy/ssp/src/bsp/mcu/s7g2/bsp_hw_locks.o
                0x00000610                g_lock_lookup_ICU_0U_6U
 .hw_lock_lookup.ICU_0U_7U
                0x00000614        0x4 ./synergy/ssp/src/bsp/mcu/s7g2/bsp_hw_locks.o
                0x00000614                g_lock_lookup_ICU_0U_7U
 .hw_lock_lookup.ICU_0U_8U
                0x00000618        0x4 ./synergy/ssp/src/bsp/mcu/s7g2/bsp_hw_locks.o
                0x00000618                g_lock_lookup_ICU_0U_8U
 .hw_lock_lookup.ICU_0U_9U
                0x0000061c        0x4 ./synergy/ssp/src/bsp/mcu/s7g2/bsp_hw_locks.o
                0x0000061c                g_lock_lookup_ICU_0U_9U
 .hw_lock_lookup.IIC_0U_0U
                0x00000620        0x4 ./synergy/ssp/src/bsp/mcu/s7g2/bsp_hw_locks.o
                0x00000620                g_lock_lookup_IIC_0U_0U
 .hw_lock_lookup.IIC_0U_1U
                0x00000624        0x4 ./synergy/ssp/src/bsp/mcu/s7g2/bsp_hw_locks.o
                0x00000624                g_lock_lookup_IIC_0U_1U
 .hw_lock_lookup.IIC_0U_2U
                0x00000628        0x4 ./synergy/ssp/src/bsp/mcu/s7g2/bsp_hw_locks.o
                0x00000628                g_lock_lookup_IIC_0U_2U
 .hw_lock_lookup.IRDA_0U_0U
                0x0000062c        0x4 ./synergy/ssp/src/bsp/mcu/s7g2/bsp_hw_locks.o
                0x0000062c                g_lock_lookup_IRDA_0U_0U
 .hw_lock_lookup.IWDT_0U_0U
                0x00000630        0x4 ./synergy/ssp/src/bsp/mcu/s7g2/bsp_hw_locks.o
                0x00000630                g_lock_lookup_IWDT_0U_0U
 .hw_lock_lookup.JPEG_0U_0U
                0x00000634        0x4 ./synergy/ssp/src/bsp/mcu/s7g2/bsp_hw_locks.o
                0x00000634                g_lock_lookup_JPEG_0U_0U
 .hw_lock_lookup.KEY_0U_0U
                0x00000638        0x4 ./synergy/ssp/src/bsp/mcu/s7g2/bsp_hw_locks.o
                0x00000638                g_lock_lookup_KEY_0U_0U
 .hw_lock_lookup.LPM_1U_0U
                0x0000063c        0x4 ./synergy/ssp/src/bsp/mcu/s7g2/bsp_hw_locks.o
                0x0000063c                g_lock_lookup_LPM_1U_0U
 .hw_lock_lookup.LVD_0U_0U
                0x00000640        0x4 ./synergy/ssp/src/bsp/mcu/s7g2/bsp_hw_locks.o
                0x00000640                g_lock_lookup_LVD_0U_0U
 .hw_lock_lookup.LVD_0U_1U
                0x00000644        0x4 ./synergy/ssp/src/bsp/mcu/s7g2/bsp_hw_locks.o
                0x00000644                g_lock_lookup_LVD_0U_1U
 .hw_lock_lookup.MMF_0U_0U
                0x00000648        0x4 ./synergy/ssp/src/bsp/mcu/s7g2/bsp_hw_locks.o
                0x00000648                g_lock_lookup_MMF_0U_0U
 .hw_lock_lookup.MPU_0U_0U
                0x0000064c        0x4 ./synergy/ssp/src/bsp/mcu/s7g2/bsp_hw_locks.o
                0x0000064c                g_lock_lookup_MPU_0U_0U
 .hw_lock_lookup.OPS_0U_0U
                0x00000650        0x4 ./synergy/ssp/src/bsp/mcu/s7g2/bsp_hw_locks.o
                0x00000650                g_lock_lookup_OPS_0U_0U
 .hw_lock_lookup.PDC_0U_0U
                0x00000654        0x4 ./synergy/ssp/src/bsp/mcu/s7g2/bsp_hw_locks.o
                0x00000654                g_lock_lookup_PDC_0U_0U
 .hw_lock_lookup.POEG_0U_0U
                0x00000658        0x4 ./synergy/ssp/src/bsp/mcu/s7g2/bsp_hw_locks.o
                0x00000658                g_lock_lookup_POEG_0U_0U
 .hw_lock_lookup.POEG_0U_1U
                0x0000065c        0x4 ./synergy/ssp/src/bsp/mcu/s7g2/bsp_hw_locks.o
                0x0000065c                g_lock_lookup_POEG_0U_1U
 .hw_lock_lookup.POEG_0U_2U
                0x00000660        0x4 ./synergy/ssp/src/bsp/mcu/s7g2/bsp_hw_locks.o
                0x00000660                g_lock_lookup_POEG_0U_2U
 .hw_lock_lookup.POEG_0U_3U
                0x00000664        0x4 ./synergy/ssp/src/bsp/mcu/s7g2/bsp_hw_locks.o
                0x00000664                g_lock_lookup_POEG_0U_3U
 .hw_lock_lookup.QSPI_0U_0U
                0x00000668        0x4 ./synergy/ssp/src/bsp/mcu/s7g2/bsp_hw_locks.o
                0x00000668                g_lock_lookup_QSPI_0U_0U
 .hw_lock_lookup.RTC_0U_0U
                0x0000066c        0x4 ./synergy/ssp/src/bsp/mcu/s7g2/bsp_hw_locks.o
                0x0000066c                g_lock_lookup_RTC_0U_0U
 .hw_lock_lookup.SCE_0U_0U
                0x00000670        0x4 ./synergy/ssp/src/bsp/mcu/s7g2/bsp_hw_locks.o
                0x00000670                g_lock_lookup_SCE_0U_0U
 .hw_lock_lookup.SCI_0U_0U
                0x00000674        0x4 ./synergy/ssp/src/bsp/mcu/s7g2/bsp_hw_locks.o
                0x00000674                g_lock_lookup_SCI_0U_0U
 .hw_lock_lookup.SCI_0U_1U
                0x00000678        0x4 ./synergy/ssp/src/bsp/mcu/s7g2/bsp_hw_locks.o
                0x00000678                g_lock_lookup_SCI_0U_1U
 .hw_lock_lookup.SCI_0U_2U
                0x0000067c        0x4 ./synergy/ssp/src/bsp/mcu/s7g2/bsp_hw_locks.o
                0x0000067c                g_lock_lookup_SCI_0U_2U
 .hw_lock_lookup.SCI_0U_3U
                0x00000680        0x4 ./synergy/ssp/src/bsp/mcu/s7g2/bsp_hw_locks.o
                0x00000680                g_lock_lookup_SCI_0U_3U
 .hw_lock_lookup.SCI_0U_4U
                0x00000684        0x4 ./synergy/ssp/src/bsp/mcu/s7g2/bsp_hw_locks.o
                0x00000684                g_lock_lookup_SCI_0U_4U
 .hw_lock_lookup.SCI_0U_5U
                0x00000688        0x4 ./synergy/ssp/src/bsp/mcu/s7g2/bsp_hw_locks.o
                0x00000688                g_lock_lookup_SCI_0U_5U
 .hw_lock_lookup.SCI_0U_6U
                0x0000068c        0x4 ./synergy/ssp/src/bsp/mcu/s7g2/bsp_hw_locks.o
                0x0000068c                g_lock_lookup_SCI_0U_6U
 .hw_lock_lookup.SCI_0U_7U
                0x00000690        0x4 ./synergy/ssp/src/bsp/mcu/s7g2/bsp_hw_locks.o
                0x00000690                g_lock_lookup_SCI_0U_7U
 .hw_lock_lookup.SCI_0U_8U
                0x00000694        0x4 ./synergy/ssp/src/bsp/mcu/s7g2/bsp_hw_locks.o
                0x00000694                g_lock_lookup_SCI_0U_8U
 .hw_lock_lookup.SCI_0U_9U
                0x00000698        0x4 ./synergy/ssp/src/bsp/mcu/s7g2/bsp_hw_locks.o
                0x00000698                g_lock_lookup_SCI_0U_9U
 .hw_lock_lookup.SDHIMMC_0U_0U
                0x0000069c        0x4 ./synergy/ssp/src/bsp/mcu/s7g2/bsp_hw_locks.o
                0x0000069c                g_lock_lookup_SDHIMMC_0U_0U
 .hw_lock_lookup.SDHIMMC_0U_1U
                0x000006a0        0x4 ./synergy/ssp/src/bsp/mcu/s7g2/bsp_hw_locks.o
                0x000006a0                g_lock_lookup_SDHIMMC_0U_1U
 .hw_lock_lookup.SPI_0U_0U
                0x000006a4        0x4 ./synergy/ssp/src/bsp/mcu/s7g2/bsp_hw_locks.o
                0x000006a4                g_lock_lookup_SPI_0U_0U
 .hw_lock_lookup.SPI_0U_1U
                0x000006a8        0x4 ./synergy/ssp/src/bsp/mcu/s7g2/bsp_hw_locks.o
                0x000006a8                g_lock_lookup_SPI_0U_1U
 .hw_lock_lookup.SRC_0U_0U
                0x000006ac        0x4 ./synergy/ssp/src/bsp/mcu/s7g2/bsp_hw_locks.o
                0x000006ac                g_lock_lookup_SRC_0U_0U
 .hw_lock_lookup.SSI_0U_0U
                0x000006b0        0x4 ./synergy/ssp/src/bsp/mcu/s7g2/bsp_hw_locks.o
                0x000006b0                g_lock_lookup_SSI_0U_0U
 .hw_lock_lookup.SSI_0U_1U
                0x000006b4        0x4 ./synergy/ssp/src/bsp/mcu/s7g2/bsp_hw_locks.o
                0x000006b4                g_lock_lookup_SSI_0U_1U
 .hw_lock_lookup.TSN_0U_0U
                0x000006b8        0x4 ./synergy/ssp/src/bsp/mcu/s7g2/bsp_hw_locks.o
                0x000006b8                g_lock_lookup_TSN_0U_0U
 .hw_lock_lookup.USB_0U_0U
                0x000006bc        0x4 ./synergy/ssp/src/bsp/mcu/s7g2/bsp_hw_locks.o
                0x000006bc                g_lock_lookup_USB_0U_0U
 .hw_lock_lookup.USB_1U_0U
                0x000006c0        0x4 ./synergy/ssp/src/bsp/mcu/s7g2/bsp_hw_locks.o
                0x000006c0                g_lock_lookup_USB_1U_0U
 .hw_lock_lookup.WDT_0U_0U
                0x000006c4        0x4 ./synergy/ssp/src/bsp/mcu/s7g2/bsp_hw_locks.o
                0x000006c4                g_lock_lookup_WDT_0U_0U
                0x000006c8                __Lock_Lookup_End = .
 *(.text*)
 .text          0x000006c8       0x40 c:/renesas/synergy/e2studio_v2024-01.1_ssp_v2.6.1/toolchains/gcc_arm/gcc-arm-none-eabi-10.3-2021.10/bin/../lib/gcc/arm-none-eabi/10.3.1/thumb/v7e-m+fp/hard/crtbegin.o
 .text.r_sci_uart_rs485_de_pin_cfg
                0x00000708       0x30 ./synergy/ssp/src/driver/r_sci_uart/r_sci_uart.o
 .text.r_sci_uart_write_no_transfer.part.0
                0x00000738       0x54 ./synergy/ssp/src/driver/r_sci_uart/r_sci_uart.o
 .text.r_sci_uart_read_data
                0x0000078c       0x30 ./synergy/ssp/src/driver/r_sci_uart/r_sci_uart.o
                0x0000078c                r_sci_uart_read_data
 .text.r_sci_uart_rxi_read_no_transfer_eventset
                0x000007bc       0x74 ./synergy/ssp/src/driver/r_sci_uart/r_sci_uart.o
                0x000007bc                r_sci_uart_rxi_read_no_transfer_eventset
 .text.r_sci_uart_rxi_read_no_transfer
                0x00000830       0x74 ./synergy/ssp/src/driver/r_sci_uart/r_sci_uart.o
                0x00000830                r_sci_uart_rxi_read_no_transfer
 .text.sci_uart_txi_isr
                0x000008a4      0x114 ./synergy/ssp/src/driver/r_sci_uart/r_sci_uart.o
                0x000008a4                sci_uart_txi_isr
 .text.sci_uart_rxi_isr
                0x000009b8       0x60 ./synergy/ssp/src/driver/r_sci_uart/r_sci_uart.o
                0x000009b8                sci_uart_rxi_isr
 .text.sci_uart_tei_isr
                0x00000a18       0x88 ./synergy/ssp/src/driver/r_sci_uart/r_sci_uart.o
                0x00000a18                sci_uart_tei_isr
 .text.R_IOPORT_PortRead
                0x00000aa0       0x34 ./synergy/ssp/src/driver/r_ioport/r_ioport.o
                0x00000aa0                R_IOPORT_PortRead
 .text.R_IOPORT_PortWrite
                0x00000ad4       0x40 ./synergy/ssp/src/driver/r_ioport/r_ioport.o
                0x00000ad4                R_IOPORT_PortWrite
 .text.R_IOPORT_PortDirectionSet
                0x00000b14       0x50 ./synergy/ssp/src/driver/r_ioport/r_ioport.o
                0x00000b14                R_IOPORT_PortDirectionSet
 .text.R_IOPORT_PortEventInputRead
                0x00000b64       0x34 ./synergy/ssp/src/driver/r_ioport/r_ioport.o
                0x00000b64                R_IOPORT_PortEventInputRead
 .text.R_IOPORT_PortEventOutputWrite
                0x00000b98       0x3c ./synergy/ssp/src/driver/r_ioport/r_ioport.o
                0x00000b98                R_IOPORT_PortEventOutputWrite
 .text.R_IOPORT_VersionGet
                0x00000bd4       0x10 ./synergy/ssp/src/driver/r_ioport/r_ioport.o
                0x00000bd4                R_IOPORT_VersionGet
 .text.bsp_vbatt_init
                0x00000be4       0xac ./synergy/ssp/src/driver/r_ioport/r_ioport.o
 .text.R_IOPORT_PinDirectionSet
                0x00000c90       0xd0 ./synergy/ssp/src/driver/r_ioport/r_ioport.o
                0x00000c90                R_IOPORT_PinDirectionSet
 .text.R_IOPORT_EthernetModeCfg
                0x00000d60       0x50 ./synergy/ssp/src/driver/r_ioport/r_ioport.o
                0x00000d60                R_IOPORT_EthernetModeCfg
 .text.R_IOPORT_PinsCfg
                0x00000db0       0xd4 ./synergy/ssp/src/driver/r_ioport/r_ioport.o
                0x00000db0                R_IOPORT_PinsCfg
 .text.R_IOPORT_Init
                0x00000e84       0x74 ./synergy/ssp/src/driver/r_ioport/r_ioport.o
                0x00000e84                R_IOPORT_Init
 .text.R_IOPORT_PinRead
                0x00000ef8       0x50 ./synergy/ssp/src/driver/r_ioport/r_ioport.o
                0x00000ef8                R_IOPORT_PinRead
 .text.R_IOPORT_PinEventInputRead
                0x00000f48       0x5c ./synergy/ssp/src/driver/r_ioport/r_ioport.o
                0x00000f48                R_IOPORT_PinEventInputRead
 .text.R_IOPORT_PinEventOutputWrite
                0x00000fa4       0x64 ./synergy/ssp/src/driver/r_ioport/r_ioport.o
                0x00000fa4                R_IOPORT_PinEventOutputWrite
 .text.R_IOPORT_PinWrite
                0x00001008       0x54 ./synergy/ssp/src/driver/r_ioport/r_ioport.o
                0x00001008                R_IOPORT_PinWrite
 .text.R_IOPORT_PinCfg
                0x0000105c       0xc8 ./synergy/ssp/src/driver/r_ioport/r_ioport.o
                0x0000105c                R_IOPORT_PinCfg
 .text.R_ELC_LinkSet
                0x00001124       0x14 ./synergy/ssp/src/driver/r_elc/r_elc.o
                0x00001124                R_ELC_LinkSet
 .text.R_ELC_LinkBreak
                0x00001138       0x14 ./synergy/ssp/src/driver/r_elc/r_elc.o
                0x00001138                R_ELC_LinkBreak
 .text.R_ELC_Enable
                0x0000114c       0x14 ./synergy/ssp/src/driver/r_elc/r_elc.o
                0x0000114c                R_ELC_Enable
 .text.R_ELC_Disable
                0x00001160       0x14 ./synergy/ssp/src/driver/r_elc/r_elc.o
                0x00001160                R_ELC_Disable
 .text.R_ELC_VersionGet
                0x00001174       0x10 ./synergy/ssp/src/driver/r_elc/r_elc.o
                0x00001174                R_ELC_VersionGet
 .text.R_ELC_Init
                0x00001184       0x80 ./synergy/ssp/src/driver/r_elc/r_elc.o
                0x00001184                R_ELC_Init
 .text.R_ELC_SoftwareEventGenerate
                0x00001204       0x30 ./synergy/ssp/src/driver/r_elc/r_elc.o
                0x00001204                R_ELC_SoftwareEventGenerate
 .text.R_CGC_LCDClockCfg
                0x00001234        0x4 ./synergy/ssp/src/driver/r_cgc/r_cgc.o
                0x00001234                R_CGC_LCDClockCfg
 .text.R_CGC_LCDClockEnable
                0x00001238        0x4 ./synergy/ssp/src/driver/r_cgc/r_cgc.o
                0x00001238                R_CGC_LCDClockEnable
 .text.R_CGC_VersionGet
                0x0000123c       0x10 ./synergy/ssp/src/driver/r_cgc/r_cgc.o
                0x0000123c                R_CGC_VersionGet
 .text.r_cgc_init_pllfreq
                0x0000124c       0xd8 ./synergy/ssp/src/driver/r_cgc/r_cgc.o
 .text.R_CGC_SystemClockFreqGet
                0x00001324       0xb0 ./synergy/ssp/src/driver/r_cgc/r_cgc.o
                0x00001324                R_CGC_SystemClockFreqGet
 .text.R_CGC_BusClockOutCfg
                0x000013d4       0x28 ./synergy/ssp/src/driver/r_cgc/r_cgc.o
                0x000013d4                R_CGC_BusClockOutCfg
 .text.R_CGC_BusClockOutEnable
                0x000013fc       0x28 ./synergy/ssp/src/driver/r_cgc/r_cgc.o
                0x000013fc                R_CGC_BusClockOutEnable
 .text.R_CGC_BusClockOutDisable
                0x00001424       0x28 ./synergy/ssp/src/driver/r_cgc/r_cgc.o
                0x00001424                R_CGC_BusClockOutDisable
 .text.R_CGC_ClockOutEnable
                0x0000144c       0x28 ./synergy/ssp/src/driver/r_cgc/r_cgc.o
                0x0000144c                R_CGC_ClockOutEnable
 .text.R_CGC_ClockOutDisable
                0x00001474       0x28 ./synergy/ssp/src/driver/r_cgc/r_cgc.o
                0x00001474                R_CGC_ClockOutDisable
 .text.R_CGC_SDRAMClockOutEnable
                0x0000149c       0x28 ./synergy/ssp/src/driver/r_cgc/r_cgc.o
                0x0000149c                R_CGC_SDRAMClockOutEnable
 .text.R_CGC_SDRAMClockOutDisable
                0x000014c4       0x28 ./synergy/ssp/src/driver/r_cgc/r_cgc.o
                0x000014c4                R_CGC_SDRAMClockOutDisable
 .text.R_CGC_USBClockCfg
                0x000014ec       0x28 ./synergy/ssp/src/driver/r_cgc/r_cgc.o
                0x000014ec                R_CGC_USBClockCfg
 .text.R_CGC_SystickUpdate
                0x00001514       0x88 ./synergy/ssp/src/driver/r_cgc/r_cgc.o
                0x00001514                R_CGC_SystickUpdate
 .text.R_CGC_ClockOutCfg
                0x0000159c       0x5c ./synergy/ssp/src/driver/r_cgc/r_cgc.o
                0x0000159c                R_CGC_ClockOutCfg
 .text.r_cgc_system_dividers_set.isra.0
                0x000015f8       0x5c ./synergy/ssp/src/driver/r_cgc/r_cgc.o
 .text.R_CGC_OscStopStatusClear
                0x00001654       0x64 ./synergy/ssp/src/driver/r_cgc/r_cgc.o
                0x00001654                R_CGC_OscStopStatusClear
 .text.R_CGC_SDADCClockCfg
                0x000016b8        0x4 ./synergy/ssp/src/driver/r_cgc/r_cgc.o
                0x000016b8                R_CGC_SDADCClockCfg
 .text.R_CGC_SDADCClockEnable
                0x000016bc        0x4 ./synergy/ssp/src/driver/r_cgc/r_cgc.o
                0x000016bc                R_CGC_SDADCClockEnable
 .text.R_CGC_SDADCClockDisable
                0x000016c0        0x4 ./synergy/ssp/src/driver/r_cgc/r_cgc.o
                0x000016c0                R_CGC_SDADCClockDisable
 .text.R_CGC_LCDClockDisable
                0x000016c4        0x4 ./synergy/ssp/src/driver/r_cgc/r_cgc.o
                0x000016c4                R_CGC_LCDClockDisable
 .text.R_CGC_SystemClockGet
                0x000016c8       0x5c ./synergy/ssp/src/driver/r_cgc/r_cgc.o
                0x000016c8                R_CGC_SystemClockGet
 .text.R_CGC_OscStopDetect
                0x00001724      0x108 ./synergy/ssp/src/driver/r_cgc/r_cgc.o
                0x00001724                R_CGC_OscStopDetect
 .text.R_CGC_Init
                0x0000182c      0x11c ./synergy/ssp/src/driver/r_cgc/r_cgc.o
                0x0000182c                R_CGC_Init
 .text.r_cgc_clock_run_state_get
                0x00001948       0x68 ./synergy/ssp/src/driver/r_cgc/r_cgc.o
                0x00001948                r_cgc_clock_run_state_get
 .text.R_CGC_ClockStop
                0x000019b0      0x160 ./synergy/ssp/src/driver/r_cgc/r_cgc.o
                0x000019b0                R_CGC_ClockStop
 .text.R_CGC_ClockCheck
                0x00001b10       0x8c ./synergy/ssp/src/driver/r_cgc/r_cgc.o
                0x00001b10                R_CGC_ClockCheck
 .text.r_cgc_operating_hw_modeset
                0x00001b9c      0x100 ./synergy/ssp/src/driver/r_cgc/r_cgc.o
                0x00001b9c                r_cgc_operating_hw_modeset
 .text.r_cgc_operating_mode_set
                0x00001c9c       0x50 ./synergy/ssp/src/driver/r_cgc/r_cgc.o
 .text.R_CGC_SystemClockSet
                0x00001cec      0x1dc ./synergy/ssp/src/driver/r_cgc/r_cgc.o
                0x00001cec                R_CGC_SystemClockSet
 .text.R_CGC_ClockStart.part.0
                0x00001ec8      0x3e4 ./synergy/ssp/src/driver/r_cgc/r_cgc.o
 .text.R_CGC_ClockStart
                0x000022ac       0x70 ./synergy/ssp/src/driver/r_cgc/r_cgc.o
                0x000022ac                R_CGC_ClockStart
 .text.r_cgc_clock_start_stop
                0x0000231c       0xc8 ./synergy/ssp/src/driver/r_cgc/r_cgc.o
 .text.R_CGC_ClocksCfg
                0x000023e4      0x16c ./synergy/ssp/src/driver/r_cgc/r_cgc.o
                0x000023e4                R_CGC_ClocksCfg
 .text.R_BSP_CacheOff
                0x00002550       0x28 ./synergy/ssp/src/bsp/mcu/s7g2/bsp_cache.o
                0x00002550                R_BSP_CacheOff
 .text.R_BSP_CacheSet
                0x00002578       0x48 ./synergy/ssp/src/bsp/mcu/s7g2/bsp_cache.o
                0x00002578                R_BSP_CacheSet
 .text.bsp_clock_init
                0x000025c0       0x9c ./synergy/ssp/src/bsp/mcu/s7g2/bsp_clocks.o
                0x000025c0                bsp_clock_init
 .text.bsp_cpu_clock_get
                0x0000265c       0x20 ./synergy/ssp/src/bsp/mcu/s7g2/bsp_clocks.o
                0x0000265c                bsp_cpu_clock_get
 .text.bsp_clock_set_callback
                0x0000267c      0x12c ./synergy/ssp/src/bsp/mcu/s7g2/bsp_clocks.o
                0x0000267c                bsp_clock_set_callback
 .text.R_BSP_FeatureIoportGet
                0x000027a8       0x10 ./synergy/ssp/src/bsp/mcu/s7g2/bsp_feature.o
                0x000027a8                R_BSP_FeatureIoportGet
 .text.R_BSP_FeatureCgcGet
                0x000027b8        0xc ./synergy/ssp/src/bsp/mcu/s7g2/bsp_feature.o
                0x000027b8                R_BSP_FeatureCgcGet
 .text.bsp_group_interrupt_open
                0x000027c4       0x10 ./synergy/ssp/src/bsp/mcu/s7g2/bsp_group_irq.o
                0x000027c4                bsp_group_interrupt_open
 .text.R_BSP_GroupIrqWrite
                0x000027d4       0x10 ./synergy/ssp/src/bsp/mcu/s7g2/bsp_group_irq.o
                0x000027d4                R_BSP_GroupIrqWrite
 .text.NMI_Handler
                0x000027e4      0x1c8 ./synergy/ssp/src/bsp/mcu/s7g2/bsp_group_irq.o
                0x000027e4                NMI_Handler
 .text.R_BSP_ModuleStart
                0x000029ac       0x88 ./synergy/ssp/src/bsp/mcu/s7g2/bsp_module_stop.o
                0x000029ac                R_BSP_ModuleStart
 .text.software_delay_loop
                0x00002a34        0xc ./synergy/ssp/src/bsp/mcu/all/bsp_delay.o
 .text.R_BSP_SoftwareDelay
                0x00002a40       0x60 ./synergy/ssp/src/bsp/mcu/all/bsp_delay.o
                0x00002a40                R_BSP_SoftwareDelay
 .text.R_BSP_IrqStatusClear
                0x00002aa0       0x18 ./synergy/ssp/src/bsp/mcu/all/bsp_irq.o
                0x00002aa0                R_BSP_IrqStatusClear
 .text.bsp_irq_cfg
                0x00002ab8       0x40 ./synergy/ssp/src/bsp/mcu/all/bsp_irq.o
                0x00002ab8                bsp_irq_cfg
 .text.bsp_init_hardware_locks
                0x00002af8       0x60 ./synergy/ssp/src/bsp/mcu/all/bsp_locking.o
                0x00002af8                bsp_init_hardware_locks
 .text.R_BSP_RegisterProtectEnable
                0x00002b58       0x60 ./synergy/ssp/src/bsp/mcu/all/bsp_register_protection.o
                0x00002b58                R_BSP_RegisterProtectEnable
 .text.R_BSP_RegisterProtectDisable
                0x00002bb8       0x54 ./synergy/ssp/src/bsp/mcu/all/bsp_register_protection.o
                0x00002bb8                R_BSP_RegisterProtectDisable
 .text.bsp_register_protect_open
                0x00002c0c       0x10 ./synergy/ssp/src/bsp/mcu/all/bsp_register_protection.o
                0x00002c0c                bsp_register_protect_open
 .text._sbrk    0x00002c1c       0x3c ./synergy/ssp/src/bsp/mcu/all/bsp_sbrk.o
                0x00002c1c                _sbrk
 .text.Default_Handler
                0x00002c58        0x4 ./synergy/ssp/src/bsp/cmsis/Device/RENESAS/S7G2/Source/startup_S7G2.o
                0x00002c58                DebugMon_Handler
                0x00002c58                HardFault_Handler
                0x00002c58                SysTick_Handler
                0x00002c58                PendSV_Handler
                0x00002c58                UsageFault_Handler
                0x00002c58                Default_Handler
                0x00002c58                MemManage_Handler
                0x00002c58                SVC_Handler
                0x00002c58                BusFault_Handler
 .text.Reset_Handler
                0x00002c5c        0xc ./synergy/ssp/src/bsp/cmsis/Device/RENESAS/S7G2/Source/startup_S7G2.o
                0x00002c5c                Reset_Handler
 .text.R_BSP_WarmStart
                0x00002c68        0x4 ./synergy/ssp/src/bsp/cmsis/Device/RENESAS/S7G2/Source/system_S7G2.o
                0x00002c68                R_BSP_WarmStart
 .text.SystemInit
                0x00002c6c      0x160 ./synergy/ssp/src/bsp/cmsis/Device/RENESAS/S7G2/Source/system_S7G2.o
                0x00002c6c                SystemInit
 .text.bsp_init
                0x00002dcc        0x4 ./synergy/board/s7g2_sk/bsp_init.o
                0x00002dcc                bsp_init
 .text.bsp_qspi_xip_enter
                0x00002dd0       0x58 ./synergy/board/s7g2_sk/bsp_qspi.o
                0x00002dd0                bsp_qspi_xip_enter
 .text.bsp_qspi_init
                0x00002e28      0x1b0 ./synergy/board/s7g2_sk/bsp_qspi.o
                0x00002e28                bsp_qspi_init
 .text.startup.main
                0x00002fd8        0xc ./src/synergy_gen/main.o
                0x00002fd8                main
 .text.hal_entry
                0x00002fe4        0x4 ./src/hal_entry.o
                0x00002fe4                hal_entry
 .text.R_FMI_ProductInfoGet
                0x00002fe8       0x34 C:\Users\mzkts\e2_studio\workspace\newt\synergy\ssp\src\driver\r_fmi\libs\libfmi_cm4_s7g2_gcc.a(r_fmi.o)
 .text.R_FMI_VersionGet
                0x0000301c       0x10 C:\Users\mzkts\e2_studio\workspace\newt\synergy\ssp\src\driver\r_fmi\libs\libfmi_cm4_s7g2_gcc.a(r_fmi.o)
 .text.R_FMI_UniqueIdGet
                0x0000302c       0x40 C:\Users\mzkts\e2_studio\workspace\newt\synergy\ssp\src\driver\r_fmi\libs\libfmi_cm4_s7g2_gcc.a(r_fmi.o)
 .text.R_FMI_EventInfoGet
                0x0000306c       0x8c C:\Users\mzkts\e2_studio\workspace\newt\synergy\ssp\src\driver\r_fmi\libs\libfmi_cm4_s7g2_gcc.a(r_fmi.o)
 .text.R_FMI_Init
                0x000030f8       0x90 C:\Users\mzkts\e2_studio\workspace\newt\synergy\ssp\src\driver\r_fmi\libs\libfmi_cm4_s7g2_gcc.a(r_fmi.o)
 .text.R_FMI_FeatureGet
                0x00003188      0x238 C:\Users\mzkts\e2_studio\workspace\newt\synergy\ssp\src\driver\r_fmi\libs\libfmi_cm4_s7g2_gcc.a(r_fmi.o)
 .text.__errno  0x000033c0        0xc c:/renesas/synergy/e2studio_v2024-01.1_ssp_v2.6.1/toolchains/gcc_arm/gcc-arm-none-eabi-10.3-2021.10/bin/../lib/gcc/arm-none-eabi/10.3.1/../../../../arm-none-eabi/lib/thumb/v7e-m+fp/hard\libg_nano.a(lib_a-errno.o)
                0x000033c0                __errno
 .text.memcpy   0x000033cc       0x1c c:/renesas/synergy/e2studio_v2024-01.1_ssp_v2.6.1/toolchains/gcc_arm/gcc-arm-none-eabi-10.3-2021.10/bin/../lib/gcc/arm-none-eabi/10.3.1/../../../../arm-none-eabi/lib/thumb/v7e-m+fp/hard\libg_nano.a(lib_a-memcpy-stub.o)
                0x000033cc                memcpy
 .text.memset   0x000033e8       0x10 c:/renesas/synergy/e2studio_v2024-01.1_ssp_v2.6.1/toolchains/gcc_arm/gcc-arm-none-eabi-10.3-2021.10/bin/../lib/gcc/arm-none-eabi/10.3.1/../../../../arm-none-eabi/lib/thumb/v7e-m+fp/hard\libg_nano.a(lib_a-memset.o)
                0x000033e8                memset
 .text.srand    0x000033f8       0x5c c:/renesas/synergy/e2studio_v2024-01.1_ssp_v2.6.1/toolchains/gcc_arm/gcc-arm-none-eabi-10.3-2021.10/bin/../lib/gcc/arm-none-eabi/10.3.1/../../../../arm-none-eabi/lib/thumb/v7e-m+fp/hard\libg_nano.a(lib_a-rand.o)
                0x000033f8                srand
 .text.__assert_func
                0x00003454       0x3c c:/renesas/synergy/e2studio_v2024-01.1_ssp_v2.6.1/toolchains/gcc_arm/gcc-arm-none-eabi-10.3-2021.10/bin/../lib/gcc/arm-none-eabi/10.3.1/../../../../arm-none-eabi/lib/thumb/v7e-m+fp/hard\libg_nano.a(lib_a-assert.o)
                0x00003454                __assert_func
 .text.fprintf  0x00003490       0x24 c:/renesas/synergy/e2studio_v2024-01.1_ssp_v2.6.1/toolchains/gcc_arm/gcc-arm-none-eabi-10.3-2021.10/bin/../lib/gcc/arm-none-eabi/10.3.1/../../../../arm-none-eabi/lib/thumb/v7e-m+fp/hard\libg_nano.a(lib_a-fprintf.o)
                0x00003490                fiprintf
                0x00003490                fprintf
 .text.malloc   0x000034b4       0x10 c:/renesas/synergy/e2studio_v2024-01.1_ssp_v2.6.1/toolchains/gcc_arm/gcc-arm-none-eabi-10.3-2021.10/bin/../lib/gcc/arm-none-eabi/10.3.1/../../../../arm-none-eabi/lib/thumb/v7e-m+fp/hard\libg_nano.a(lib_a-malloc.o)
                0x000034b4                malloc
 .text._free_r  0x000034c4       0x98 c:/renesas/synergy/e2studio_v2024-01.1_ssp_v2.6.1/toolchains/gcc_arm/gcc-arm-none-eabi-10.3-2021.10/bin/../lib/gcc/arm-none-eabi/10.3.1/../../../../arm-none-eabi/lib/thumb/v7e-m+fp/hard\libg_nano.a(lib_a-nano-freer.o)
                0x000034c4                _free_r
 .text.sbrk_aligned
                0x0000355c       0x40 c:/renesas/synergy/e2studio_v2024-01.1_ssp_v2.6.1/toolchains/gcc_arm/gcc-arm-none-eabi-10.3-2021.10/bin/../lib/gcc/arm-none-eabi/10.3.1/../../../../arm-none-eabi/lib/thumb/v7e-m+fp/hard\libg_nano.a(lib_a-nano-mallocr.o)
 .text._malloc_r
                0x0000359c       0xe8 c:/renesas/synergy/e2studio_v2024-01.1_ssp_v2.6.1/toolchains/gcc_arm/gcc-arm-none-eabi-10.3-2021.10/bin/../lib/gcc/arm-none-eabi/10.3.1/../../../../arm-none-eabi/lib/thumb/v7e-m+fp/hard\libg_nano.a(lib_a-nano-mallocr.o)
                0x0000359c                _malloc_r
 .text.__sfputc_r
                0x00003684       0x2e c:/renesas/synergy/e2studio_v2024-01.1_ssp_v2.6.1/toolchains/gcc_arm/gcc-arm-none-eabi-10.3-2021.10/bin/../lib/gcc/arm-none-eabi/10.3.1/../../../../arm-none-eabi/lib/thumb/v7e-m+fp/hard\libg_nano.a(lib_a-nano-vfprintf.o)
 .text.__sfputs_r
                0x000036b2       0x24 c:/renesas/synergy/e2studio_v2024-01.1_ssp_v2.6.1/toolchains/gcc_arm/gcc-arm-none-eabi-10.3-2021.10/bin/../lib/gcc/arm-none-eabi/10.3.1/../../../../arm-none-eabi/lib/thumb/v7e-m+fp/hard\libg_nano.a(lib_a-nano-vfprintf.o)
                0x000036b2                __sfputs_r
 *fill*         0x000036d6        0x2 ff
 .text._vfprintf_r
                0x000036d8      0x260 c:/renesas/synergy/e2studio_v2024-01.1_ssp_v2.6.1/toolchains/gcc_arm/gcc-arm-none-eabi-10.3-2021.10/bin/../lib/gcc/arm-none-eabi/10.3.1/../../../../arm-none-eabi/lib/thumb/v7e-m+fp/hard\libg_nano.a(lib_a-nano-vfprintf.o)
                0x000036d8                _vfprintf_r
                0x000036d8                _vfiprintf_r
 .text._printf_common
                0x00003938       0xda c:/renesas/synergy/e2studio_v2024-01.1_ssp_v2.6.1/toolchains/gcc_arm/gcc-arm-none-eabi-10.3-2021.10/bin/../lib/gcc/arm-none-eabi/10.3.1/../../../../arm-none-eabi/lib/thumb/v7e-m+fp/hard\libg_nano.a(lib_a-nano-vfprintf_i.o)
                0x00003938                _printf_common
 *fill*         0x00003a12        0x2 ff
 .text._printf_i
                0x00003a14      0x24c c:/renesas/synergy/e2studio_v2024-01.1_ssp_v2.6.1/toolchains/gcc_arm/gcc-arm-none-eabi-10.3-2021.10/bin/../lib/gcc/arm-none-eabi/10.3.1/../../../../arm-none-eabi/lib/thumb/v7e-m+fp/hard\libg_nano.a(lib_a-nano-vfprintf_i.o)
                0x00003a14                _printf_i
 .text._sbrk_r  0x00003c60       0x20 c:/renesas/synergy/e2studio_v2024-01.1_ssp_v2.6.1/toolchains/gcc_arm/gcc-arm-none-eabi-10.3-2021.10/bin/../lib/gcc/arm-none-eabi/10.3.1/../../../../arm-none-eabi/lib/thumb/v7e-m+fp/hard\libg_nano.a(lib_a-sbrkr.o)
                0x00003c60                _sbrk_r
 .text.__swbuf_r
                0x00003c80       0xa4 c:/renesas/synergy/e2studio_v2024-01.1_ssp_v2.6.1/toolchains/gcc_arm/gcc-arm-none-eabi-10.3-2021.10/bin/../lib/gcc/arm-none-eabi/10.3.1/../../../../arm-none-eabi/lib/thumb/v7e-m+fp/hard\libg_nano.a(lib_a-wbuf.o)
                0x00003c80                __swbuf_r
 .text.__swsetup_r
                0x00003d24       0xdc c:/renesas/synergy/e2studio_v2024-01.1_ssp_v2.6.1/toolchains/gcc_arm/gcc-arm-none-eabi-10.3-2021.10/bin/../lib/gcc/arm-none-eabi/10.3.1/../../../../arm-none-eabi/lib/thumb/v7e-m+fp/hard\libg_nano.a(lib_a-wsetup.o)
                0x00003d24                __swsetup_r
 .text.abort    0x00003e00        0xe c:/renesas/synergy/e2studio_v2024-01.1_ssp_v2.6.1/toolchains/gcc_arm/gcc-arm-none-eabi-10.3-2021.10/bin/../lib/gcc/arm-none-eabi/10.3.1/../../../../arm-none-eabi/lib/thumb/v7e-m+fp/hard\libg_nano.a(lib_a-abort.o)
                0x00003e00                abort
 *fill*         0x00003e0e        0x2 ff
 .text.__sflush_r
                0x00003e10      0x10c c:/renesas/synergy/e2studio_v2024-01.1_ssp_v2.6.1/toolchains/gcc_arm/gcc-arm-none-eabi-10.3-2021.10/bin/../lib/gcc/arm-none-eabi/10.3.1/../../../../arm-none-eabi/lib/thumb/v7e-m+fp/hard\libg_nano.a(lib_a-fflush.o)
                0x00003e10                __sflush_r
 .text._fflush_r
                0x00003f1c       0x78 c:/renesas/synergy/e2studio_v2024-01.1_ssp_v2.6.1/toolchains/gcc_arm/gcc-arm-none-eabi-10.3-2021.10/bin/../lib/gcc/arm-none-eabi/10.3.1/../../../../arm-none-eabi/lib/thumb/v7e-m+fp/hard\libg_nano.a(lib_a-fflush.o)
                0x00003f1c                _fflush_r
 .text.std      0x00003f94       0x48 c:/renesas/synergy/e2studio_v2024-01.1_ssp_v2.6.1/toolchains/gcc_arm/gcc-arm-none-eabi-10.3-2021.10/bin/../lib/gcc/arm-none-eabi/10.3.1/../../../../arm-none-eabi/lib/thumb/v7e-m+fp/hard\libg_nano.a(lib_a-findfp.o)
 .text._cleanup_r
                0x00003fdc        0xc c:/renesas/synergy/e2studio_v2024-01.1_ssp_v2.6.1/toolchains/gcc_arm/gcc-arm-none-eabi-10.3-2021.10/bin/../lib/gcc/arm-none-eabi/10.3.1/../../../../arm-none-eabi/lib/thumb/v7e-m+fp/hard\libg_nano.a(lib_a-findfp.o)
                0x00003fdc                _cleanup_r
 .text.__sfmoreglue
                0x00003fe8       0x2c c:/renesas/synergy/e2studio_v2024-01.1_ssp_v2.6.1/toolchains/gcc_arm/gcc-arm-none-eabi-10.3-2021.10/bin/../lib/gcc/arm-none-eabi/10.3.1/../../../../arm-none-eabi/lib/thumb/v7e-m+fp/hard\libg_nano.a(lib_a-findfp.o)
                0x00003fe8                __sfmoreglue
 .text.__sfp_lock_acquire
                0x00004014        0xc c:/renesas/synergy/e2studio_v2024-01.1_ssp_v2.6.1/toolchains/gcc_arm/gcc-arm-none-eabi-10.3-2021.10/bin/../lib/gcc/arm-none-eabi/10.3.1/../../../../arm-none-eabi/lib/thumb/v7e-m+fp/hard\libg_nano.a(lib_a-findfp.o)
                0x00004014                __sfp_lock_acquire
 .text.__sfp_lock_release
                0x00004020        0xc c:/renesas/synergy/e2studio_v2024-01.1_ssp_v2.6.1/toolchains/gcc_arm/gcc-arm-none-eabi-10.3-2021.10/bin/../lib/gcc/arm-none-eabi/10.3.1/../../../../arm-none-eabi/lib/thumb/v7e-m+fp/hard\libg_nano.a(lib_a-findfp.o)
                0x00004020                __sfp_lock_release
 .text.__sinit_lock_acquire
                0x0000402c        0xc c:/renesas/synergy/e2studio_v2024-01.1_ssp_v2.6.1/toolchains/gcc_arm/gcc-arm-none-eabi-10.3-2021.10/bin/../lib/gcc/arm-none-eabi/10.3.1/../../../../arm-none-eabi/lib/thumb/v7e-m+fp/hard\libg_nano.a(lib_a-findfp.o)
                0x0000402c                __sinit_lock_acquire
 .text.__sinit_lock_release
                0x00004038        0xc c:/renesas/synergy/e2studio_v2024-01.1_ssp_v2.6.1/toolchains/gcc_arm/gcc-arm-none-eabi-10.3-2021.10/bin/../lib/gcc/arm-none-eabi/10.3.1/../../../../arm-none-eabi/lib/thumb/v7e-m+fp/hard\libg_nano.a(lib_a-findfp.o)
                0x00004038                __sinit_lock_release
 .text.__sinit  0x00004044       0x70 c:/renesas/synergy/e2studio_v2024-01.1_ssp_v2.6.1/toolchains/gcc_arm/gcc-arm-none-eabi-10.3-2021.10/bin/../lib/gcc/arm-none-eabi/10.3.1/../../../../arm-none-eabi/lib/thumb/v7e-m+fp/hard\libg_nano.a(lib_a-findfp.o)
                0x00004044                __sinit
 .text.__sfp    0x000040b4       0x8c c:/renesas/synergy/e2studio_v2024-01.1_ssp_v2.6.1/toolchains/gcc_arm/gcc-arm-none-eabi-10.3-2021.10/bin/../lib/gcc/arm-none-eabi/10.3.1/../../../../arm-none-eabi/lib/thumb/v7e-m+fp/hard\libg_nano.a(lib_a-findfp.o)
                0x000040b4                __sfp
 .text._fwalk_reent
                0x00004140       0x3e c:/renesas/synergy/e2studio_v2024-01.1_ssp_v2.6.1/toolchains/gcc_arm/gcc-arm-none-eabi-10.3-2021.10/bin/../lib/gcc/arm-none-eabi/10.3.1/../../../../arm-none-eabi/lib/thumb/v7e-m+fp/hard\libg_nano.a(lib_a-fwalk.o)
                0x00004140                _fwalk_reent
 .text.__retarget_lock_init_recursive
                0x0000417e        0x2 c:/renesas/synergy/e2studio_v2024-01.1_ssp_v2.6.1/toolchains/gcc_arm/gcc-arm-none-eabi-10.3-2021.10/bin/../lib/gcc/arm-none-eabi/10.3.1/../../../../arm-none-eabi/lib/thumb/v7e-m+fp/hard\libg_nano.a(lib_a-lock.o)
                0x0000417e                __retarget_lock_init_recursive
 .text.__retarget_lock_acquire_recursive
                0x00004180        0x2 c:/renesas/synergy/e2studio_v2024-01.1_ssp_v2.6.1/toolchains/gcc_arm/gcc-arm-none-eabi-10.3-2021.10/bin/../lib/gcc/arm-none-eabi/10.3.1/../../../../arm-none-eabi/lib/thumb/v7e-m+fp/hard\libg_nano.a(lib_a-lock.o)
                0x00004180                __retarget_lock_acquire_recursive
 .text.__retarget_lock_release_recursive
                0x00004182        0x2 c:/renesas/synergy/e2studio_v2024-01.1_ssp_v2.6.1/toolchains/gcc_arm/gcc-arm-none-eabi-10.3-2021.10/bin/../lib/gcc/arm-none-eabi/10.3.1/../../../../arm-none-eabi/lib/thumb/v7e-m+fp/hard\libg_nano.a(lib_a-lock.o)
                0x00004182                __retarget_lock_release_recursive
 .text.__swhatbuf_r
                0x00004184       0x4a c:/renesas/synergy/e2studio_v2024-01.1_ssp_v2.6.1/toolchains/gcc_arm/gcc-arm-none-eabi-10.3-2021.10/bin/../lib/gcc/arm-none-eabi/10.3.1/../../../../arm-none-eabi/lib/thumb/v7e-m+fp/hard\libg_nano.a(lib_a-makebuf.o)
                0x00004184                __swhatbuf_r
 *fill*         0x000041ce        0x2 ff
 .text.__smakebuf_r
                0x000041d0       0x80 c:/renesas/synergy/e2studio_v2024-01.1_ssp_v2.6.1/toolchains/gcc_arm/gcc-arm-none-eabi-10.3-2021.10/bin/../lib/gcc/arm-none-eabi/10.3.1/../../../../arm-none-eabi/lib/thumb/v7e-m+fp/hard\libg_nano.a(lib_a-makebuf.o)
                0x000041d0                __smakebuf_r
 .text          0x00004250       0xa0 c:/renesas/synergy/e2studio_v2024-01.1_ssp_v2.6.1/toolchains/gcc_arm/gcc-arm-none-eabi-10.3-2021.10/bin/../lib/gcc/arm-none-eabi/10.3.1/../../../../arm-none-eabi/lib/thumb/v7e-m+fp/hard\libg_nano.a(lib_a-memchr.o)
                0x00004250                memchr
 .text.__malloc_lock
                0x000042f0        0xc c:/renesas/synergy/e2studio_v2024-01.1_ssp_v2.6.1/toolchains/gcc_arm/gcc-arm-none-eabi-10.3-2021.10/bin/../lib/gcc/arm-none-eabi/10.3.1/../../../../arm-none-eabi/lib/thumb/v7e-m+fp/hard\libg_nano.a(lib_a-mlock.o)
                0x000042f0                __malloc_lock
 .text.__malloc_unlock
                0x000042fc        0xc c:/renesas/synergy/e2studio_v2024-01.1_ssp_v2.6.1/toolchains/gcc_arm/gcc-arm-none-eabi-10.3-2021.10/bin/../lib/gcc/arm-none-eabi/10.3.1/../../../../arm-none-eabi/lib/thumb/v7e-m+fp/hard\libg_nano.a(lib_a-mlock.o)
                0x000042fc                __malloc_unlock
 .text._raise_r
                0x00004308       0x50 c:/renesas/synergy/e2studio_v2024-01.1_ssp_v2.6.1/toolchains/gcc_arm/gcc-arm-none-eabi-10.3-2021.10/bin/../lib/gcc/arm-none-eabi/10.3.1/../../../../arm-none-eabi/lib/thumb/v7e-m+fp/hard\libg_nano.a(lib_a-signal.o)
                0x00004308                _raise_r
 .text.raise    0x00004358       0x10 c:/renesas/synergy/e2studio_v2024-01.1_ssp_v2.6.1/toolchains/gcc_arm/gcc-arm-none-eabi-10.3-2021.10/bin/../lib/gcc/arm-none-eabi/10.3.1/../../../../arm-none-eabi/lib/thumb/v7e-m+fp/hard\libg_nano.a(lib_a-signal.o)
                0x00004358                raise
 .text._kill_r  0x00004368       0x24 c:/renesas/synergy/e2studio_v2024-01.1_ssp_v2.6.1/toolchains/gcc_arm/gcc-arm-none-eabi-10.3-2021.10/bin/../lib/gcc/arm-none-eabi/10.3.1/../../../../arm-none-eabi/lib/thumb/v7e-m+fp/hard\libg_nano.a(lib_a-signalr.o)
                0x00004368                _kill_r
 .text._getpid_r
                0x0000438c        0x4 c:/renesas/synergy/e2studio_v2024-01.1_ssp_v2.6.1/toolchains/gcc_arm/gcc-arm-none-eabi-10.3-2021.10/bin/../lib/gcc/arm-none-eabi/10.3.1/../../../../arm-none-eabi/lib/thumb/v7e-m+fp/hard\libg_nano.a(lib_a-signalr.o)
                0x0000438c                _getpid_r
 .text.__sread  0x00004390       0x22 c:/renesas/synergy/e2studio_v2024-01.1_ssp_v2.6.1/toolchains/gcc_arm/gcc-arm-none-eabi-10.3-2021.10/bin/../lib/gcc/arm-none-eabi/10.3.1/../../../../arm-none-eabi/lib/thumb/v7e-m+fp/hard\libg_nano.a(lib_a-stdio.o)
                0x00004390                __sread
 .text.__swrite
                0x000043b2       0x38 c:/renesas/synergy/e2studio_v2024-01.1_ssp_v2.6.1/toolchains/gcc_arm/gcc-arm-none-eabi-10.3-2021.10/bin/../lib/gcc/arm-none-eabi/10.3.1/../../../../arm-none-eabi/lib/thumb/v7e-m+fp/hard\libg_nano.a(lib_a-stdio.o)
                0x000043b2                __swrite
 .text.__sseek  0x000043ea       0x24 c:/renesas/synergy/e2studio_v2024-01.1_ssp_v2.6.1/toolchains/gcc_arm/gcc-arm-none-eabi-10.3-2021.10/bin/../lib/gcc/arm-none-eabi/10.3.1/../../../../arm-none-eabi/lib/thumb/v7e-m+fp/hard\libg_nano.a(lib_a-stdio.o)
                0x000043ea                __sseek
 .text.__sclose
                0x0000440e        0x8 c:/renesas/synergy/e2studio_v2024-01.1_ssp_v2.6.1/toolchains/gcc_arm/gcc-arm-none-eabi-10.3-2021.10/bin/../lib/gcc/arm-none-eabi/10.3.1/../../../../arm-none-eabi/lib/thumb/v7e-m+fp/hard\libg_nano.a(lib_a-stdio.o)
                0x0000440e                __sclose
 *fill*         0x00004416        0x2 ff
 .text._write_r
                0x00004418       0x24 c:/renesas/synergy/e2studio_v2024-01.1_ssp_v2.6.1/toolchains/gcc_arm/gcc-arm-none-eabi-10.3-2021.10/bin/../lib/gcc/arm-none-eabi/10.3.1/../../../../arm-none-eabi/lib/thumb/v7e-m+fp/hard\libg_nano.a(lib_a-writer.o)
                0x00004418                _write_r
 .text._close_r
                0x0000443c       0x20 c:/renesas/synergy/e2studio_v2024-01.1_ssp_v2.6.1/toolchains/gcc_arm/gcc-arm-none-eabi-10.3-2021.10/bin/../lib/gcc/arm-none-eabi/10.3.1/../../../../arm-none-eabi/lib/thumb/v7e-m+fp/hard\libg_nano.a(lib_a-closer.o)
                0x0000443c                _close_r
 .text._fstat_r
                0x0000445c       0x24 c:/renesas/synergy/e2studio_v2024-01.1_ssp_v2.6.1/toolchains/gcc_arm/gcc-arm-none-eabi-10.3-2021.10/bin/../lib/gcc/arm-none-eabi/10.3.1/../../../../arm-none-eabi/lib/thumb/v7e-m+fp/hard\libg_nano.a(lib_a-fstatr.o)
                0x0000445c                _fstat_r
 .text._isatty_r
                0x00004480       0x20 c:/renesas/synergy/e2studio_v2024-01.1_ssp_v2.6.1/toolchains/gcc_arm/gcc-arm-none-eabi-10.3-2021.10/bin/../lib/gcc/arm-none-eabi/10.3.1/../../../../arm-none-eabi/lib/thumb/v7e-m+fp/hard\libg_nano.a(lib_a-isattyr.o)
                0x00004480                _isatty_r
 .text._lseek_r
                0x000044a0       0x24 c:/renesas/synergy/e2studio_v2024-01.1_ssp_v2.6.1/toolchains/gcc_arm/gcc-arm-none-eabi-10.3-2021.10/bin/../lib/gcc/arm-none-eabi/10.3.1/../../../../arm-none-eabi/lib/thumb/v7e-m+fp/hard\libg_nano.a(lib_a-lseekr.o)
                0x000044a0                _lseek_r
 .text._read_r  0x000044c4       0x24 c:/renesas/synergy/e2studio_v2024-01.1_ssp_v2.6.1/toolchains/gcc_arm/gcc-arm-none-eabi-10.3-2021.10/bin/../lib/gcc/arm-none-eabi/10.3.1/../../../../arm-none-eabi/lib/thumb/v7e-m+fp/hard\libg_nano.a(lib_a-readr.o)
                0x000044c4                _read_r
 .text.findslot
                0x000044e8       0x34 c:/renesas/synergy/e2studio_v2024-01.1_ssp_v2.6.1/toolchains/gcc_arm/gcc-arm-none-eabi-10.3-2021.10/bin/../lib/gcc/arm-none-eabi/10.3.1/../../../../arm-none-eabi/lib/thumb/v7e-m+fp/hard\librdimon_nano.a(rdimon-syscalls.o)
 .text.error    0x0000451c       0x1c c:/renesas/synergy/e2studio_v2024-01.1_ssp_v2.6.1/toolchains/gcc_arm/gcc-arm-none-eabi-10.3-2021.10/bin/../lib/gcc/arm-none-eabi/10.3.1/../../../../arm-none-eabi/lib/thumb/v7e-m+fp/hard\librdimon_nano.a(rdimon-syscalls.o)
 .text.checkerror
                0x00004538        0xa c:/renesas/synergy/e2studio_v2024-01.1_ssp_v2.6.1/toolchains/gcc_arm/gcc-arm-none-eabi-10.3-2021.10/bin/../lib/gcc/arm-none-eabi/10.3.1/../../../../arm-none-eabi/lib/thumb/v7e-m+fp/hard\librdimon_nano.a(rdimon-syscalls.o)
 .text._swiread
                0x00004542       0x20 c:/renesas/synergy/e2studio_v2024-01.1_ssp_v2.6.1/toolchains/gcc_arm/gcc-arm-none-eabi-10.3-2021.10/bin/../lib/gcc/arm-none-eabi/10.3.1/../../../../arm-none-eabi/lib/thumb/v7e-m+fp/hard\librdimon_nano.a(rdimon-syscalls.o)
                0x00004542                _swiread
 .text._read    0x00004562       0x38 c:/renesas/synergy/e2studio_v2024-01.1_ssp_v2.6.1/toolchains/gcc_arm/gcc-arm-none-eabi-10.3-2021.10/bin/../lib/gcc/arm-none-eabi/10.3.1/../../../../arm-none-eabi/lib/thumb/v7e-m+fp/hard\librdimon_nano.a(rdimon-syscalls.o)
                0x00004562                _read
 .text._swilseek
                0x0000459a       0x78 c:/renesas/synergy/e2studio_v2024-01.1_ssp_v2.6.1/toolchains/gcc_arm/gcc-arm-none-eabi-10.3-2021.10/bin/../lib/gcc/arm-none-eabi/10.3.1/../../../../arm-none-eabi/lib/thumb/v7e-m+fp/hard\librdimon_nano.a(rdimon-syscalls.o)
                0x0000459a                _swilseek
 .text._lseek   0x00004612        0x4 c:/renesas/synergy/e2studio_v2024-01.1_ssp_v2.6.1/toolchains/gcc_arm/gcc-arm-none-eabi-10.3-2021.10/bin/../lib/gcc/arm-none-eabi/10.3.1/../../../../arm-none-eabi/lib/thumb/v7e-m+fp/hard\librdimon_nano.a(rdimon-syscalls.o)
                0x00004612                _lseek
 .text._swiwrite
                0x00004616       0x20 c:/renesas/synergy/e2studio_v2024-01.1_ssp_v2.6.1/toolchains/gcc_arm/gcc-arm-none-eabi-10.3-2021.10/bin/../lib/gcc/arm-none-eabi/10.3.1/../../../../arm-none-eabi/lib/thumb/v7e-m+fp/hard\librdimon_nano.a(rdimon-syscalls.o)
                0x00004616                _swiwrite
 .text._write   0x00004636       0x48 c:/renesas/synergy/e2studio_v2024-01.1_ssp_v2.6.1/toolchains/gcc_arm/gcc-arm-none-eabi-10.3-2021.10/bin/../lib/gcc/arm-none-eabi/10.3.1/../../../../arm-none-eabi/lib/thumb/v7e-m+fp/hard\librdimon_nano.a(rdimon-syscalls.o)
                0x00004636                _write
 .text._swiclose
                0x0000467e       0x1a c:/renesas/synergy/e2studio_v2024-01.1_ssp_v2.6.1/toolchains/gcc_arm/gcc-arm-none-eabi-10.3-2021.10/bin/../lib/gcc/arm-none-eabi/10.3.1/../../../../arm-none-eabi/lib/thumb/v7e-m+fp/hard\librdimon_nano.a(rdimon-syscalls.o)
                0x0000467e                _swiclose
 .text._close   0x00004698       0x4c c:/renesas/synergy/e2studio_v2024-01.1_ssp_v2.6.1/toolchains/gcc_arm/gcc-arm-none-eabi-10.3-2021.10/bin/../lib/gcc/arm-none-eabi/10.3.1/../../../../arm-none-eabi/lib/thumb/v7e-m+fp/hard\librdimon_nano.a(rdimon-syscalls.o)
                0x00004698                _close
 .text._getpid  0x000046e4        0x4 c:/renesas/synergy/e2studio_v2024-01.1_ssp_v2.6.1/toolchains/gcc_arm/gcc-arm-none-eabi-10.3-2021.10/bin/../lib/gcc/arm-none-eabi/10.3.1/../../../../arm-none-eabi/lib/thumb/v7e-m+fp/hard\librdimon_nano.a(rdimon-syscalls.o)
                0x000046e4                _getpid
 .text._swistat
                0x000046e8       0x42 c:/renesas/synergy/e2studio_v2024-01.1_ssp_v2.6.1/toolchains/gcc_arm/gcc-arm-none-eabi-10.3-2021.10/bin/../lib/gcc/arm-none-eabi/10.3.1/../../../../arm-none-eabi/lib/thumb/v7e-m+fp/hard\librdimon_nano.a(rdimon-syscalls.o)
                0x000046e8                _swistat
 .text._fstat   0x0000472a       0x1c c:/renesas/synergy/e2studio_v2024-01.1_ssp_v2.6.1/toolchains/gcc_arm/gcc-arm-none-eabi-10.3-2021.10/bin/../lib/gcc/arm-none-eabi/10.3.1/../../../../arm-none-eabi/lib/thumb/v7e-m+fp/hard\librdimon_nano.a(rdimon-syscalls.o)
                0x0000472a                _fstat
 .text._stat    0x00004746       0x3a c:/renesas/synergy/e2studio_v2024-01.1_ssp_v2.6.1/toolchains/gcc_arm/gcc-arm-none-eabi-10.3-2021.10/bin/../lib/gcc/arm-none-eabi/10.3.1/../../../../arm-none-eabi/lib/thumb/v7e-m+fp/hard\librdimon_nano.a(rdimon-syscalls.o)
                0x00004746                _stat
 .text._swiopen
                0x00004780       0xb4 c:/renesas/synergy/e2studio_v2024-01.1_ssp_v2.6.1/toolchains/gcc_arm/gcc-arm-none-eabi-10.3-2021.10/bin/../lib/gcc/arm-none-eabi/10.3.1/../../../../arm-none-eabi/lib/thumb/v7e-m+fp/hard\librdimon_nano.a(rdimon-syscalls.o)
                0x00004780                _swiopen
 .text._get_semihosting_exts
                0x00004834       0xb8 c:/renesas/synergy/e2studio_v2024-01.1_ssp_v2.6.1/toolchains/gcc_arm/gcc-arm-none-eabi-10.3-2021.10/bin/../lib/gcc/arm-none-eabi/10.3.1/../../../../arm-none-eabi/lib/thumb/v7e-m+fp/hard\librdimon_nano.a(rdimon-syscalls.o)
                0x00004834                _get_semihosting_exts
 .text.initialise_semihosting_exts
                0x000048ec       0x34 c:/renesas/synergy/e2studio_v2024-01.1_ssp_v2.6.1/toolchains/gcc_arm/gcc-arm-none-eabi-10.3-2021.10/bin/../lib/gcc/arm-none-eabi/10.3.1/../../../../arm-none-eabi/lib/thumb/v7e-m+fp/hard\librdimon_nano.a(rdimon-syscalls.o)
 .text._has_ext_exit_extended
                0x00004920       0x18 c:/renesas/synergy/e2studio_v2024-01.1_ssp_v2.6.1/toolchains/gcc_arm/gcc-arm-none-eabi-10.3-2021.10/bin/../lib/gcc/arm-none-eabi/10.3.1/../../../../arm-none-eabi/lib/thumb/v7e-m+fp/hard\librdimon_nano.a(rdimon-syscalls.o)
                0x00004920                _has_ext_exit_extended
 .text._isatty  0x00004938       0x38 c:/renesas/synergy/e2studio_v2024-01.1_ssp_v2.6.1/toolchains/gcc_arm/gcc-arm-none-eabi-10.3-2021.10/bin/../lib/gcc/arm-none-eabi/10.3.1/../../../../arm-none-eabi/lib/thumb/v7e-m+fp/hard\librdimon_nano.a(rdimon-syscalls.o)
                0x00004938                _isatty
 .text._exit    0x00004970       0x14 c:/renesas/synergy/e2studio_v2024-01.1_ssp_v2.6.1/toolchains/gcc_arm/gcc-arm-none-eabi-10.3-2021.10/bin/../lib/gcc/arm-none-eabi/10.3.1/../../../../arm-none-eabi/lib/thumb/v7e-m+fp/hard\librdimon_nano.a(rdimon-_exit.o)
                0x00004970                _exit
 .text._kill_shared
                0x00004984       0x26 c:/renesas/synergy/e2studio_v2024-01.1_ssp_v2.6.1/toolchains/gcc_arm/gcc-arm-none-eabi-10.3-2021.10/bin/../lib/gcc/arm-none-eabi/10.3.1/../../../../arm-none-eabi/lib/thumb/v7e-m+fp/hard\librdimon_nano.a(rdimon-_kill.o)
                0x00004984                _kill_shared
 *fill*         0x000049aa        0x2 ff
 .text._kill    0x000049ac       0x18 c:/renesas/synergy/e2studio_v2024-01.1_ssp_v2.6.1/toolchains/gcc_arm/gcc-arm-none-eabi-10.3-2021.10/bin/../lib/gcc/arm-none-eabi/10.3.1/../../../../arm-none-eabi/lib/thumb/v7e-m+fp/hard\librdimon_nano.a(rdimon-_kill.o)
                0x000049ac                _kill
 .text          0x000049c4       0x10 c:/renesas/synergy/e2studio_v2024-01.1_ssp_v2.6.1/toolchains/gcc_arm/gcc-arm-none-eabi-10.3-2021.10/bin/../lib/gcc/arm-none-eabi/10.3.1/../../../../arm-none-eabi/lib/thumb/v7e-m+fp/hard\libc_nano.a(lib_a-strlen.o)
                0x000049c4                strlen
 *(.version)
 .version       0x000049d4       0x7c ./synergy/ssp/src/bsp/mcu/all/bsp_common.o
 *(.init)
 .init          0x00004a50        0x4 c:/renesas/synergy/e2studio_v2024-01.1_ssp_v2.6.1/toolchains/gcc_arm/gcc-arm-none-eabi-10.3-2021.10/bin/../lib/gcc/arm-none-eabi/10.3.1/thumb/v7e-m+fp/hard/crti.o
                0x00004a50                _init
 .init          0x00004a54        0x8 c:/renesas/synergy/e2studio_v2024-01.1_ssp_v2.6.1/toolchains/gcc_arm/gcc-arm-none-eabi-10.3-2021.10/bin/../lib/gcc/arm-none-eabi/10.3.1/thumb/v7e-m+fp/hard/crtn.o
 *(.fini)
 .fini          0x00004a5c        0x4 c:/renesas/synergy/e2studio_v2024-01.1_ssp_v2.6.1/toolchains/gcc_arm/gcc-arm-none-eabi-10.3-2021.10/bin/../lib/gcc/arm-none-eabi/10.3.1/thumb/v7e-m+fp/hard/crti.o
                0x00004a5c                _fini
 .fini          0x00004a60        0x8 c:/renesas/synergy/e2studio_v2024-01.1_ssp_v2.6.1/toolchains/gcc_arm/gcc-arm-none-eabi-10.3-2021.10/bin/../lib/gcc/arm-none-eabi/10.3.1/thumb/v7e-m+fp/hard/crtn.o
 *crtbegin.o(.ctors)
 *crtbegin?.o(.ctors)
 *(EXCLUDE_FILE(*crtend.o *crtend?.o) .ctors)
 *(SORT_BY_NAME(.ctors.*))
 *(.ctors)
 *crtbegin.o(.dtors)
 *crtbegin?.o(.dtors)
 *(EXCLUDE_FILE(*crtend.o *crtend?.o) .dtors)
 *(SORT_BY_NAME(.dtors.*))
 *(.dtors)
 *(.rodata*)
 .rodata.g_ioport_on_ioport
                0x00004a68       0x3c ./synergy/ssp/src/driver/r_ioport/r_ioport.o
                0x00004a68                g_ioport_on_ioport
 .rodata.g_elc_on_elc
                0x00004aa4       0x1c ./synergy/ssp/src/driver/r_elc/r_elc.o
                0x00004aa4                g_elc_on_elc
 .rodata.g_cgc_on_cgc
                0x00004ac0       0x6c ./synergy/ssp/src/driver/r_cgc/r_cgc.o
                0x00004ac0                g_cgc_on_cgc
 .rodata.g_pllccr2_div_setting
                0x00004b2c        0x8 ./synergy/ssp/src/driver/r_cgc/r_cgc.o
 .rodata.g_pllccr2_div_value
                0x00004b34        0x6 ./synergy/ssp/src/driver/r_cgc/r_cgc.o
 *fill*         0x00004b3a        0x2 ff
 .rodata.g_pllccr_div_setting
                0x00004b3c        0x6 ./synergy/ssp/src/driver/r_cgc/r_cgc.o
 *fill*         0x00004b42        0x2 ff
 .rodata.g_pllccr_div_value
                0x00004b44        0x6 ./synergy/ssp/src/driver/r_cgc/r_cgc.o
 *fill*         0x00004b4a        0x2 ff
 .rodata.g_cgc_feature
                0x00004b4c       0x2c ./synergy/ssp/src/bsp/mcu/s7g2/bsp_feature.o
 .rodata.g_bsp_module_stop
                0x00004b78       0x46 ./synergy/ssp/src/bsp/mcu/s7g2/bsp_module_stop.o
 *fill*         0x00004bbe        0x2 ff
 .rodata.gp_mstp
                0x00004bc0       0x10 ./synergy/ssp/src/bsp/mcu/s7g2/bsp_module_stop.o
 .rodata.gp_vector_information
                0x00004bd0        0x4 ./synergy/ssp/src/bsp/mcu/all/bsp_irq.o
                0x00004bd0                gp_vector_information
 .rodata.g_prcr_masks
                0x00004bd4        0x6 ./synergy/ssp/src/bsp/mcu/all/bsp_register_protection.o
 *fill*         0x00004bda        0x2 ff
 .rodata.g_elc_cfg
                0x00004bdc        0xc ./synergy/ssp/src/bsp/cmsis/Device/RENESAS/S7G2/Source/system_S7G2.o
 .rodata.g_bsp_pin_cfg
                0x00004be8        0x8 ./src/synergy_gen/pin_data.o
                0x00004be8                g_bsp_pin_cfg
 .rodata.g_bsp_pin_cfg_data
                0x00004bf0      0x368 ./src/synergy_gen/pin_data.o
                0x00004bf0                g_bsp_pin_cfg_data
 .rodata.bit_count
                0x00004f58       0x80 C:\Users\mzkts\e2_studio\workspace\newt\synergy\ssp\src\driver\r_fmi\libs\libfmi_cm4_s7g2_gcc.a(r_fmi.o)
 .rodata.bit_count_mask
                0x00004fd8        0x8 C:\Users\mzkts\e2_studio\workspace\newt\synergy\ssp\src\driver\r_fmi\libs\libfmi_cm4_s7g2_gcc.a(r_fmi.o)
 .rodata.g_fmi_on_fmi
                0x00004fe0       0x18 C:\Users\mzkts\e2_studio\workspace\newt\synergy\ssp\src\driver\r_fmi\libs\libfmi_cm4_s7g2_gcc.a(r_fmi.o)
                0x00004fe0                g_fmi_on_fmi
 .rodata.g_fmi_data
                0x00004ff8      0x400 C:\Users\mzkts\e2_studio\workspace\newt\synergy\ssp\src\bsp\mcu\s7g2\libfmi_R7FS7G27H3A01CFC_gcc.a(bsp_fmi_R7FS7G27H3A01CFC.o)
                0x00004ff8                g_fmi_data
 .rodata._global_impure_ptr
                0x000053f8        0x4 c:/renesas/synergy/e2studio_v2024-01.1_ssp_v2.6.1/toolchains/gcc_arm/gcc-arm-none-eabi-10.3-2021.10/bin/../lib/gcc/arm-none-eabi/10.3.1/../../../../arm-none-eabi/lib/thumb/v7e-m+fp/hard\libg_nano.a(lib_a-impure.o)
                0x000053f8                _global_impure_ptr
 .rodata.srand.str1.1
                0x000053fc       0x95 c:/renesas/synergy/e2studio_v2024-01.1_ssp_v2.6.1/toolchains/gcc_arm/gcc-arm-none-eabi-10.3-2021.10/bin/../lib/gcc/arm-none-eabi/10.3.1/../../../../arm-none-eabi/lib/thumb/v7e-m+fp/hard\libg_nano.a(lib_a-rand.o)
 .rodata.__assert_func.str1.1
                0x00005491       0x3c c:/renesas/synergy/e2studio_v2024-01.1_ssp_v2.6.1/toolchains/gcc_arm/gcc-arm-none-eabi-10.3-2021.10/bin/../lib/gcc/arm-none-eabi/10.3.1/../../../../arm-none-eabi/lib/thumb/v7e-m+fp/hard\libg_nano.a(lib_a-assert.o)
                                 0x3d (size before relaxing)
 .rodata._vfprintf_r.str1.1
                0x000054cd       0x11 c:/renesas/synergy/e2studio_v2024-01.1_ssp_v2.6.1/toolchains/gcc_arm/gcc-arm-none-eabi-10.3-2021.10/bin/../lib/gcc/arm-none-eabi/10.3.1/../../../../arm-none-eabi/lib/thumb/v7e-m+fp/hard\libg_nano.a(lib_a-nano-vfprintf.o)
 .rodata._printf_i.str1.1
                0x000054de       0x22 c:/renesas/synergy/e2studio_v2024-01.1_ssp_v2.6.1/toolchains/gcc_arm/gcc-arm-none-eabi-10.3-2021.10/bin/../lib/gcc/arm-none-eabi/10.3.1/../../../../arm-none-eabi/lib/thumb/v7e-m+fp/hard\libg_nano.a(lib_a-nano-vfprintf_i.o)
 .rodata.__sf_fake_stderr
                0x00005500       0x20 c:/renesas/synergy/e2studio_v2024-01.1_ssp_v2.6.1/toolchains/gcc_arm/gcc-arm-none-eabi-10.3-2021.10/bin/../lib/gcc/arm-none-eabi/10.3.1/../../../../arm-none-eabi/lib/thumb/v7e-m+fp/hard\libg_nano.a(lib_a-findfp.o)
                0x00005500                __sf_fake_stderr
 .rodata.__sf_fake_stdin
                0x00005520       0x20 c:/renesas/synergy/e2studio_v2024-01.1_ssp_v2.6.1/toolchains/gcc_arm/gcc-arm-none-eabi-10.3-2021.10/bin/../lib/gcc/arm-none-eabi/10.3.1/../../../../arm-none-eabi/lib/thumb/v7e-m+fp/hard\libg_nano.a(lib_a-findfp.o)
                0x00005520                __sf_fake_stdin
 .rodata.__sf_fake_stdout
                0x00005540       0x20 c:/renesas/synergy/e2studio_v2024-01.1_ssp_v2.6.1/toolchains/gcc_arm/gcc-arm-none-eabi-10.3-2021.10/bin/../lib/gcc/arm-none-eabi/10.3.1/../../../../arm-none-eabi/lib/thumb/v7e-m+fp/hard\libg_nano.a(lib_a-findfp.o)
                0x00005540                __sf_fake_stdout
 .rodata._get_semihosting_exts.str1.1
                0x00005560       0x16 c:/renesas/synergy/e2studio_v2024-01.1_ssp_v2.6.1/toolchains/gcc_arm/gcc-arm-none-eabi-10.3-2021.10/bin/../lib/gcc/arm-none-eabi/10.3.1/../../../../arm-none-eabi/lib/thumb/v7e-m+fp/hard\librdimon_nano.a(rdimon-syscalls.o)
                0x00005576                __usb_dev_descriptor_start_fs = .
 *(.usb_device_desc_fs*)
                0x00005576                __usb_cfg_descriptor_start_fs = .
 *(.usb_config_desc_fs*)
                0x00005576                __usb_interface_descriptor_start_fs = .
 *(.usb_interface_desc_fs*)
                0x00005576                __usb_descriptor_end_fs = .
                0x00005576                __usb_dev_descriptor_start_hs = .
 *(.usb_device_desc_hs*)
                0x00005576                __usb_cfg_descriptor_start_hs = .
 *(.usb_config_desc_hs*)
                0x00005576                __usb_interface_descriptor_start_hs = .
 *(.usb_interface_desc_hs*)
                0x00005576                __usb_descriptor_end_hs = .
 *(.eh_frame*)
 *fill*         0x00005576        0x2 ff
 .eh_frame      0x00005578        0x0 c:/renesas/synergy/e2studio_v2024-01.1_ssp_v2.6.1/toolchains/gcc_arm/gcc-arm-none-eabi-10.3-2021.10/bin/../lib/gcc/arm-none-eabi/10.3.1/thumb/v7e-m+fp/hard/crtbegin.o
 .eh_frame      0x00005578        0x4 c:/renesas/synergy/e2studio_v2024-01.1_ssp_v2.6.1/toolchains/gcc_arm/gcc-arm-none-eabi-10.3-2021.10/bin/../lib/gcc/arm-none-eabi/10.3.1/thumb/v7e-m+fp/hard/crtend.o
                0x0000557c                __ROM_End = .
                0x0000004c                __Vectors_Size = (__Vectors_End - __Vectors)
                0x00000018                __Vector_Info_Size = (__Vector_Info_End - __Vector_Info_Start)
                0x000001b0                __Lock_Lookup_Size = (__Lock_Lookup_End - __Lock_Lookup_Start)

.glue_7         0x0000557c        0x0
 .glue_7        0x0000557c        0x0 linker stubs

.glue_7t        0x0000557c        0x0
 .glue_7t       0x0000557c        0x0 linker stubs

.vfp11_veneer   0x0000557c        0x0
 .vfp11_veneer  0x0000557c        0x0 linker stubs

.v4_bx          0x0000557c        0x0
 .v4_bx         0x0000557c        0x0 linker stubs

.iplt           0x0000557c        0x0
 .iplt          0x0000557c        0x0 c:/renesas/synergy/e2studio_v2024-01.1_ssp_v2.6.1/toolchains/gcc_arm/gcc-arm-none-eabi-10.3-2021.10/bin/../lib/gcc/arm-none-eabi/10.3.1/thumb/v7e-m+fp/hard/crtbegin.o

.ARM.extab
 *(.ARM.extab* .gnu.linkonce.armextab.*)
                0x0000557c                __exidx_start = .

.ARM.exidx
 *(.ARM.exidx* .gnu.linkonce.armexidx.*)
                0x0000557c                __exidx_end = .
                0x0000557c                __etext = .

.ssp_dtc_vector_table
                0x1ffe0000        0x0
                0x1ffe0000                . = ORIGIN (RAM)
 *(.ssp_dtc_vector_table)

.data           0x1ffe0000       0xe0 load address 0x0000557c
                0x1ffe0000                __data_start__ = .
 *(vtable)
 *(.data*)
 .data._impure_ptr
                0x1ffe0000        0x4 c:/renesas/synergy/e2studio_v2024-01.1_ssp_v2.6.1/toolchains/gcc_arm/gcc-arm-none-eabi-10.3-2021.10/bin/../lib/gcc/arm-none-eabi/10.3.1/../../../../arm-none-eabi/lib/thumb/v7e-m+fp/hard\libg_nano.a(lib_a-impure.o)
                0x1ffe0000                _impure_ptr
 .data.impure_data
                0x1ffe0004       0x60 c:/renesas/synergy/e2studio_v2024-01.1_ssp_v2.6.1/toolchains/gcc_arm/gcc-arm-none-eabi-10.3-2021.10/bin/../lib/gcc/arm-none-eabi/10.3.1/../../../../arm-none-eabi/lib/thumb/v7e-m+fp/hard\libg_nano.a(lib_a-impure.o)
 .data.supports_ext_exit_extended
                0x1ffe0064        0x4 c:/renesas/synergy/e2studio_v2024-01.1_ssp_v2.6.1/toolchains/gcc_arm/gcc-arm-none-eabi-10.3-2021.10/bin/../lib/gcc/arm-none-eabi/10.3.1/../../../../arm-none-eabi/lib/thumb/v7e-m+fp/hard\librdimon_nano.a(rdimon-syscalls.o)
 .data.supports_ext_stdout_stderr
                0x1ffe0068        0x4 c:/renesas/synergy/e2studio_v2024-01.1_ssp_v2.6.1/toolchains/gcc_arm/gcc-arm-none-eabi-10.3-2021.10/bin/../lib/gcc/arm-none-eabi/10.3.1/../../../../arm-none-eabi/lib/thumb/v7e-m+fp/hard\librdimon_nano.a(rdimon-syscalls.o)
                0x1ffe006c                . = ALIGN (0x4)
                0x1ffe006c                PROVIDE (__preinit_array_start = .)
 *(.preinit_array)
                0x1ffe006c                PROVIDE (__preinit_array_end = .)
                0x1ffe006c                . = ALIGN (0x4)
                0x1ffe006c                PROVIDE (__init_array_start = .)
 *(SORT_BY_NAME(.init_array.*))
 *(.init_array)
 .init_array    0x1ffe006c        0x4 c:/renesas/synergy/e2studio_v2024-01.1_ssp_v2.6.1/toolchains/gcc_arm/gcc-arm-none-eabi-10.3-2021.10/bin/../lib/gcc/arm-none-eabi/10.3.1/thumb/v7e-m+fp/hard/crtbegin.o
                0x1ffe0070                PROVIDE (__init_array_end = .)
                0x1ffe0070                . = ALIGN (0x4)
                [!provide]                PROVIDE (__fini_array_start = .)
 *(SORT_BY_NAME(.fini_array.*))
 *(.fini_array)
 .fini_array    0x1ffe0070        0x4 c:/renesas/synergy/e2studio_v2024-01.1_ssp_v2.6.1/toolchains/gcc_arm/gcc-arm-none-eabi-10.3-2021.10/bin/../lib/gcc/arm-none-eabi/10.3.1/thumb/v7e-m+fp/hard/crtbegin.o
                [!provide]                PROVIDE (__fini_array_end = .)
 *(.jcr*)
                0x1ffe0074                . = ALIGN (0x4)
                0x1ffe0074                __Code_In_RAM_Start = .
 *(.code_in_ram*)
                0x1ffe0074                __Code_In_RAM_End = .
                0x1ffe0074                __Lock_Start = .
 *(SORT_BY_NAME(.hw_lock*))
 .hw_lock.ADC_0U_0U
                0x1ffe0074        0x1 ./synergy/ssp/src/bsp/mcu/s7g2/bsp_hw_locks.o
                0x1ffe0074                g_hw_lock_ADC_0U_0U
 .hw_lock.ADC_0U_1U
                0x1ffe0075        0x1 ./synergy/ssp/src/bsp/mcu/s7g2/bsp_hw_locks.o
                0x1ffe0075                g_hw_lock_ADC_0U_1U
 .hw_lock.AGT_0U_0U
                0x1ffe0076        0x1 ./synergy/ssp/src/bsp/mcu/s7g2/bsp_hw_locks.o
                0x1ffe0076                g_hw_lock_AGT_0U_0U
 .hw_lock.AGT_0U_1U
                0x1ffe0077        0x1 ./synergy/ssp/src/bsp/mcu/s7g2/bsp_hw_locks.o
                0x1ffe0077                g_hw_lock_AGT_0U_1U
 .hw_lock.BSC_0U_1U
                0x1ffe0078        0x1 ./synergy/ssp/src/bsp/mcu/s7g2/bsp_hw_locks.o
                0x1ffe0078                g_hw_lock_BSC_0U_1U
 .hw_lock.CAC_0U_0U
                0x1ffe0079        0x1 ./synergy/ssp/src/bsp/mcu/s7g2/bsp_hw_locks.o
                0x1ffe0079                g_hw_lock_CAC_0U_0U
 .hw_lock.CAN_0U_0U
                0x1ffe007a        0x1 ./synergy/ssp/src/bsp/mcu/s7g2/bsp_hw_locks.o
                0x1ffe007a                g_hw_lock_CAN_0U_0U
 .hw_lock.CAN_0U_1U
                0x1ffe007b        0x1 ./synergy/ssp/src/bsp/mcu/s7g2/bsp_hw_locks.o
                0x1ffe007b                g_hw_lock_CAN_0U_1U
 .hw_lock.COMP_HS_0U_0U
                0x1ffe007c        0x1 ./synergy/ssp/src/bsp/mcu/s7g2/bsp_hw_locks.o
                0x1ffe007c                g_hw_lock_COMP_HS_0U_0U
 .hw_lock.COMP_HS_0U_1U
                0x1ffe007d        0x1 ./synergy/ssp/src/bsp/mcu/s7g2/bsp_hw_locks.o
                0x1ffe007d                g_hw_lock_COMP_HS_0U_1U
 .hw_lock.COMP_HS_0U_2U
                0x1ffe007e        0x1 ./synergy/ssp/src/bsp/mcu/s7g2/bsp_hw_locks.o
                0x1ffe007e                g_hw_lock_COMP_HS_0U_2U
 .hw_lock.COMP_HS_0U_3U
                0x1ffe007f        0x1 ./synergy/ssp/src/bsp/mcu/s7g2/bsp_hw_locks.o
                0x1ffe007f                g_hw_lock_COMP_HS_0U_3U
 .hw_lock.COMP_HS_0U_4U
                0x1ffe0080        0x1 ./synergy/ssp/src/bsp/mcu/s7g2/bsp_hw_locks.o
                0x1ffe0080                g_hw_lock_COMP_HS_0U_4U
 .hw_lock.COMP_HS_0U_5U
                0x1ffe0081        0x1 ./synergy/ssp/src/bsp/mcu/s7g2/bsp_hw_locks.o
                0x1ffe0081                g_hw_lock_COMP_HS_0U_5U
 .hw_lock.CRC_0U_0U
                0x1ffe0082        0x1 ./synergy/ssp/src/bsp/mcu/s7g2/bsp_hw_locks.o
                0x1ffe0082                g_hw_lock_CRC_0U_0U
 .hw_lock.CTSU_0U_0U
                0x1ffe0083        0x1 ./synergy/ssp/src/bsp/mcu/s7g2/bsp_hw_locks.o
                0x1ffe0083                g_hw_lock_CTSU_0U_0U
 .hw_lock.DAAD_0U_0U
                0x1ffe0084        0x1 ./synergy/ssp/src/bsp/mcu/s7g2/bsp_hw_locks.o
                0x1ffe0084                g_hw_lock_DAAD_0U_0U
 .hw_lock.DAC_0U_0U
                0x1ffe0085        0x1 ./synergy/ssp/src/bsp/mcu/s7g2/bsp_hw_locks.o
                0x1ffe0085                g_hw_lock_DAC_0U_0U
 .hw_lock.DAC_0U_1U
                0x1ffe0086        0x1 ./synergy/ssp/src/bsp/mcu/s7g2/bsp_hw_locks.o
                0x1ffe0086                g_hw_lock_DAC_0U_1U
 .hw_lock.DMAC_0U_0U
                0x1ffe0087        0x1 ./synergy/ssp/src/bsp/mcu/s7g2/bsp_hw_locks.o
                0x1ffe0087                g_hw_lock_DMAC_0U_0U
 .hw_lock.DMAC_0U_1U
                0x1ffe0088        0x1 ./synergy/ssp/src/bsp/mcu/s7g2/bsp_hw_locks.o
                0x1ffe0088                g_hw_lock_DMAC_0U_1U
 .hw_lock.DMAC_0U_2U
                0x1ffe0089        0x1 ./synergy/ssp/src/bsp/mcu/s7g2/bsp_hw_locks.o
                0x1ffe0089                g_hw_lock_DMAC_0U_2U
 .hw_lock.DMAC_0U_3U
                0x1ffe008a        0x1 ./synergy/ssp/src/bsp/mcu/s7g2/bsp_hw_locks.o
                0x1ffe008a                g_hw_lock_DMAC_0U_3U
 .hw_lock.DMAC_0U_4U
                0x1ffe008b        0x1 ./synergy/ssp/src/bsp/mcu/s7g2/bsp_hw_locks.o
                0x1ffe008b                g_hw_lock_DMAC_0U_4U
 .hw_lock.DMAC_0U_5U
                0x1ffe008c        0x1 ./synergy/ssp/src/bsp/mcu/s7g2/bsp_hw_locks.o
                0x1ffe008c                g_hw_lock_DMAC_0U_5U
 .hw_lock.DMAC_0U_6U
                0x1ffe008d        0x1 ./synergy/ssp/src/bsp/mcu/s7g2/bsp_hw_locks.o
                0x1ffe008d                g_hw_lock_DMAC_0U_6U
 .hw_lock.DMAC_0U_7U
                0x1ffe008e        0x1 ./synergy/ssp/src/bsp/mcu/s7g2/bsp_hw_locks.o
                0x1ffe008e                g_hw_lock_DMAC_0U_7U
 .hw_lock.DOC_0U_0U
                0x1ffe008f        0x1 ./synergy/ssp/src/bsp/mcu/s7g2/bsp_hw_locks.o
                0x1ffe008f                g_hw_lock_DOC_0U_0U
 .hw_lock.DRW_0U_0U
                0x1ffe0090        0x1 ./synergy/ssp/src/bsp/mcu/s7g2/bsp_hw_locks.o
                0x1ffe0090                g_hw_lock_DRW_0U_0U
 .hw_lock.DTC_0U_0U
                0x1ffe0091        0x1 ./synergy/ssp/src/bsp/mcu/s7g2/bsp_hw_locks.o
                0x1ffe0091                g_hw_lock_DTC_0U_0U
 .hw_lock.ELC_0U_0U
                0x1ffe0092        0x1 ./synergy/ssp/src/bsp/mcu/s7g2/bsp_hw_locks.o
                0x1ffe0092                g_hw_lock_ELC_0U_0U
 .hw_lock.EPTPC_0U_0U
                0x1ffe0093        0x1 ./synergy/ssp/src/bsp/mcu/s7g2/bsp_hw_locks.o
                0x1ffe0093                g_hw_lock_EPTPC_0U_0U
 .hw_lock.ETHER_0U_0U
                0x1ffe0094        0x1 ./synergy/ssp/src/bsp/mcu/s7g2/bsp_hw_locks.o
                0x1ffe0094                g_hw_lock_ETHER_0U_0U
 .hw_lock.ETHER_0U_1U
                0x1ffe0095        0x1 ./synergy/ssp/src/bsp/mcu/s7g2/bsp_hw_locks.o
                0x1ffe0095                g_hw_lock_ETHER_0U_1U
 .hw_lock.FCU_0U_0U
                0x1ffe0096        0x1 ./synergy/ssp/src/bsp/mcu/s7g2/bsp_hw_locks.o
                0x1ffe0096                g_hw_lock_FCU_0U_0U
 .hw_lock.GLCDC_0U_0U
                0x1ffe0097        0x1 ./synergy/ssp/src/bsp/mcu/s7g2/bsp_hw_locks.o
                0x1ffe0097                g_hw_lock_GLCDC_0U_0U
 .hw_lock.GPT_0U_0U
                0x1ffe0098        0x1 ./synergy/ssp/src/bsp/mcu/s7g2/bsp_hw_locks.o
                0x1ffe0098                g_hw_lock_GPT_0U_0U
 .hw_lock.GPT_0U_10U
                0x1ffe0099        0x1 ./synergy/ssp/src/bsp/mcu/s7g2/bsp_hw_locks.o
                0x1ffe0099                g_hw_lock_GPT_0U_10U
 .hw_lock.GPT_0U_11U
                0x1ffe009a        0x1 ./synergy/ssp/src/bsp/mcu/s7g2/bsp_hw_locks.o
                0x1ffe009a                g_hw_lock_GPT_0U_11U
 .hw_lock.GPT_0U_12U
                0x1ffe009b        0x1 ./synergy/ssp/src/bsp/mcu/s7g2/bsp_hw_locks.o
                0x1ffe009b                g_hw_lock_GPT_0U_12U
 .hw_lock.GPT_0U_13U
                0x1ffe009c        0x1 ./synergy/ssp/src/bsp/mcu/s7g2/bsp_hw_locks.o
                0x1ffe009c                g_hw_lock_GPT_0U_13U
 .hw_lock.GPT_0U_1U
                0x1ffe009d        0x1 ./synergy/ssp/src/bsp/mcu/s7g2/bsp_hw_locks.o
                0x1ffe009d                g_hw_lock_GPT_0U_1U
 .hw_lock.GPT_0U_2U
                0x1ffe009e        0x1 ./synergy/ssp/src/bsp/mcu/s7g2/bsp_hw_locks.o
                0x1ffe009e                g_hw_lock_GPT_0U_2U
 .hw_lock.GPT_0U_3U
                0x1ffe009f        0x1 ./synergy/ssp/src/bsp/mcu/s7g2/bsp_hw_locks.o
                0x1ffe009f                g_hw_lock_GPT_0U_3U
 .hw_lock.GPT_0U_4U
                0x1ffe00a0        0x1 ./synergy/ssp/src/bsp/mcu/s7g2/bsp_hw_locks.o
                0x1ffe00a0                g_hw_lock_GPT_0U_4U
 .hw_lock.GPT_0U_5U
                0x1ffe00a1        0x1 ./synergy/ssp/src/bsp/mcu/s7g2/bsp_hw_locks.o
                0x1ffe00a1                g_hw_lock_GPT_0U_5U
 .hw_lock.GPT_0U_6U
                0x1ffe00a2        0x1 ./synergy/ssp/src/bsp/mcu/s7g2/bsp_hw_locks.o
                0x1ffe00a2                g_hw_lock_GPT_0U_6U
 .hw_lock.GPT_0U_7U
                0x1ffe00a3        0x1 ./synergy/ssp/src/bsp/mcu/s7g2/bsp_hw_locks.o
                0x1ffe00a3                g_hw_lock_GPT_0U_7U
 .hw_lock.GPT_0U_8U
                0x1ffe00a4        0x1 ./synergy/ssp/src/bsp/mcu/s7g2/bsp_hw_locks.o
                0x1ffe00a4                g_hw_lock_GPT_0U_8U
 .hw_lock.GPT_0U_9U
                0x1ffe00a5        0x1 ./synergy/ssp/src/bsp/mcu/s7g2/bsp_hw_locks.o
                0x1ffe00a5                g_hw_lock_GPT_0U_9U
 .hw_lock.ICU_0U_0U
                0x1ffe00a6        0x1 ./synergy/ssp/src/bsp/mcu/s7g2/bsp_hw_locks.o
                0x1ffe00a6                g_hw_lock_ICU_0U_0U
 .hw_lock.ICU_0U_10U
                0x1ffe00a7        0x1 ./synergy/ssp/src/bsp/mcu/s7g2/bsp_hw_locks.o
                0x1ffe00a7                g_hw_lock_ICU_0U_10U
 .hw_lock.ICU_0U_11U
                0x1ffe00a8        0x1 ./synergy/ssp/src/bsp/mcu/s7g2/bsp_hw_locks.o
                0x1ffe00a8                g_hw_lock_ICU_0U_11U
 .hw_lock.ICU_0U_12U
                0x1ffe00a9        0x1 ./synergy/ssp/src/bsp/mcu/s7g2/bsp_hw_locks.o
                0x1ffe00a9                g_hw_lock_ICU_0U_12U
 .hw_lock.ICU_0U_13U
                0x1ffe00aa        0x1 ./synergy/ssp/src/bsp/mcu/s7g2/bsp_hw_locks.o
                0x1ffe00aa                g_hw_lock_ICU_0U_13U
 .hw_lock.ICU_0U_14U
                0x1ffe00ab        0x1 ./synergy/ssp/src/bsp/mcu/s7g2/bsp_hw_locks.o
                0x1ffe00ab                g_hw_lock_ICU_0U_14U
 .hw_lock.ICU_0U_15U
                0x1ffe00ac        0x1 ./synergy/ssp/src/bsp/mcu/s7g2/bsp_hw_locks.o
                0x1ffe00ac                g_hw_lock_ICU_0U_15U
 .hw_lock.ICU_0U_1U
                0x1ffe00ad        0x1 ./synergy/ssp/src/bsp/mcu/s7g2/bsp_hw_locks.o
                0x1ffe00ad                g_hw_lock_ICU_0U_1U
 .hw_lock.ICU_0U_2U
                0x1ffe00ae        0x1 ./synergy/ssp/src/bsp/mcu/s7g2/bsp_hw_locks.o
                0x1ffe00ae                g_hw_lock_ICU_0U_2U
 .hw_lock.ICU_0U_3U
                0x1ffe00af        0x1 ./synergy/ssp/src/bsp/mcu/s7g2/bsp_hw_locks.o
                0x1ffe00af                g_hw_lock_ICU_0U_3U
 .hw_lock.ICU_0U_4U
                0x1ffe00b0        0x1 ./synergy/ssp/src/bsp/mcu/s7g2/bsp_hw_locks.o
                0x1ffe00b0                g_hw_lock_ICU_0U_4U
 .hw_lock.ICU_0U_5U
                0x1ffe00b1        0x1 ./synergy/ssp/src/bsp/mcu/s7g2/bsp_hw_locks.o
                0x1ffe00b1                g_hw_lock_ICU_0U_5U
 .hw_lock.ICU_0U_6U
                0x1ffe00b2        0x1 ./synergy/ssp/src/bsp/mcu/s7g2/bsp_hw_locks.o
                0x1ffe00b2                g_hw_lock_ICU_0U_6U
 .hw_lock.ICU_0U_7U
                0x1ffe00b3        0x1 ./synergy/ssp/src/bsp/mcu/s7g2/bsp_hw_locks.o
                0x1ffe00b3                g_hw_lock_ICU_0U_7U
 .hw_lock.ICU_0U_8U
                0x1ffe00b4        0x1 ./synergy/ssp/src/bsp/mcu/s7g2/bsp_hw_locks.o
                0x1ffe00b4                g_hw_lock_ICU_0U_8U
 .hw_lock.ICU_0U_9U
                0x1ffe00b5        0x1 ./synergy/ssp/src/bsp/mcu/s7g2/bsp_hw_locks.o
                0x1ffe00b5                g_hw_lock_ICU_0U_9U
 .hw_lock.IIC_0U_0U
                0x1ffe00b6        0x1 ./synergy/ssp/src/bsp/mcu/s7g2/bsp_hw_locks.o
                0x1ffe00b6                g_hw_lock_IIC_0U_0U
 .hw_lock.IIC_0U_1U
                0x1ffe00b7        0x1 ./synergy/ssp/src/bsp/mcu/s7g2/bsp_hw_locks.o
                0x1ffe00b7                g_hw_lock_IIC_0U_1U
 .hw_lock.IIC_0U_2U
                0x1ffe00b8        0x1 ./synergy/ssp/src/bsp/mcu/s7g2/bsp_hw_locks.o
                0x1ffe00b8                g_hw_lock_IIC_0U_2U
 .hw_lock.IRDA_0U_0U
                0x1ffe00b9        0x1 ./synergy/ssp/src/bsp/mcu/s7g2/bsp_hw_locks.o
                0x1ffe00b9                g_hw_lock_IRDA_0U_0U
 .hw_lock.IWDT_0U_0U
                0x1ffe00ba        0x1 ./synergy/ssp/src/bsp/mcu/s7g2/bsp_hw_locks.o
                0x1ffe00ba                g_hw_lock_IWDT_0U_0U
 .hw_lock.JPEG_0U_0U
                0x1ffe00bb        0x1 ./synergy/ssp/src/bsp/mcu/s7g2/bsp_hw_locks.o
                0x1ffe00bb                g_hw_lock_JPEG_0U_0U
 .hw_lock.KEY_0U_0U
                0x1ffe00bc        0x1 ./synergy/ssp/src/bsp/mcu/s7g2/bsp_hw_locks.o
                0x1ffe00bc                g_hw_lock_KEY_0U_0U
 .hw_lock.LPM_1U_0U
                0x1ffe00bd        0x1 ./synergy/ssp/src/bsp/mcu/s7g2/bsp_hw_locks.o
                0x1ffe00bd                g_hw_lock_LPM_1U_0U
 .hw_lock.LVD_0U_0U